--- fixC_t0.004 ---
C1 docking : PASS  wp_d=[4.73, 4.37, 4.37, 4.35, 4.0] base_d=[1.86, 4.94, 4.87, 4.92, 4.94]
C2 torso-track: PASS  ori_rms wp=0.078≤base=0.673? pos_peak wp=14.9≤base=17.7mm?
C3 envelope: PASS  realized‖Ḣ_s‖∞_SS=5.00≤5 (per-axis [3.09, 4.21, 5.0]; planned constraint unchanged)
C4 attitude: PASS  peak=0.71≤1.9 final=0.22≤1.65
C5 h_w∞    : PASS  wp=4.248 ≤4.5 (base=3.387)
C6 OFF/test: flag-OFF vs ssmom_phase1_baseline_fixA (Fix-A plant, AOCS=legacy_pid_numerical): BIT-IDENTICAL ; worst|delta|=0.00e+00 ; nonzero=NONEtest_reworked_qp: 8 passed, 1 warning in 87.15s (0:01:27)
--- fixC_t0.005 ---
C1 docking : PASS  wp_d=[4.53, 4.45, 4.35, 4.73, 4.17] base_d=[1.86, 4.94, 4.87, 4.92, 4.94]
C2 torso-track: PASS  ori_rms wp=0.082≤base=0.673? pos_peak wp=15.1≤base=17.7mm?
C3 envelope: PASS  realized‖Ḣ_s‖∞_SS=5.00≤5 (per-axis [3.18, 4.29, 5.0]; planned constraint unchanged)
C4 attitude: PASS  peak=0.69≤1.9 final=0.20≤1.65
C5 h_w∞    : PASS  wp=4.283 ≤4.5 (base=3.387)
C6 OFF/test: flag-OFF vs ssmom_phase1_baseline_fixA (Fix-A plant, AOCS=legacy_pid_numerical): BIT-IDENTICAL ; worst|delta|=0.00e+00 ; nonzero=NONEtest_reworked_qp: 8 passed, 1 warning in 87.15s (0:01:27)
--- fixC_t0.006 ---
C1 docking : PASS  wp_d=[4.76, 4.5, 4.69, 4.65, 4.8] base_d=[1.86, 4.94, 4.87, 4.92, 4.94]
C2 torso-track: PASS  ori_rms wp=0.087≤base=0.673? pos_peak wp=15.7≤base=17.7mm?
C3 envelope: PASS  realized‖Ḣ_s‖∞_SS=5.00≤5 (per-axis [3.27, 4.41, 5.0]; planned constraint unchanged)
C4 attitude: PASS  peak=0.62≤1.9 final=0.13≤1.65
C5 h_w∞    : PASS  wp=4.344 ≤4.5 (base=3.387)
C6 OFF/test: flag-OFF vs ssmom_phase1_baseline_fixA (Fix-A plant, AOCS=legacy_pid_numerical): BIT-IDENTICAL ; worst|delta|=0.00e+00 ; nonzero=NONEtest_reworked_qp: 8 passed, 1 warning in 87.15s (0:01:27)
--- fixC_t0.007 ---
C1 docking : PASS  wp_d=[4.94, 4.51, 4.91, 4.61, 4.84] base_d=[1.86, 4.94, 4.87, 4.92, 4.94]
C2 torso-track: PASS  ori_rms wp=0.089≤base=0.673? pos_peak wp=16.0≤base=17.7mm?
C3 envelope: PASS  realized‖Ḣ_s‖∞_SS=5.00≤5 (per-axis [3.3, 4.46, 5.0]; planned constraint unchanged)
C4 attitude: PASS  peak=0.59≤1.9 final=0.10≤1.65
C5 h_w∞    : PASS  wp=4.373 ≤4.5 (base=3.387)
C6 OFF/test: flag-OFF vs ssmom_phase1_baseline_fixA (Fix-A plant, AOCS=legacy_pid_numerical): BIT-IDENTICAL ; worst|delta|=0.00e+00 ; nonzero=NONEtest_reworked_qp: 8 passed, 1 warning in 87.15s (0:01:27)
--- fixC_p0.002 ---
  (gate failed)
--- fixC_p0.003 ---
  (gate failed)
--- fixC_p0.004 ---
  (gate failed)
