
==============================================================================
RUN: base  (results/chatter_base)
==============================================================================
  seg(step/arm)    nticks  flipfrac   at±5 exact‖·‖med proxy‖·‖med orbital med wrenchΔ med  Δtrend  vtxdist
  step0/init (n= 10)      10     0.889   0.00       0.000       0.000       0.000       0.000  391.60    0.000
  step1/b3 (n=101)     101     0.030   0.10       1.151       0.250       0.768       0.063    0.03    0.050
  step2/a3 (n= 50)      50     0.939   0.86       7.274       1.319       5.989      13.782    1.44   11.571
  step3/b4 (n= 99)      99     0.031   0.10       1.516       0.216       1.220       0.046    0.05    0.063
  step4/a4 (n= 50)      50     0.980   0.96       7.112       1.286       5.966      13.041    1.35   11.702

==============================================================================
RUN: cfrozen  (results/chatter_cfrozen)
==============================================================================
  seg(step/arm)    nticks  flipfrac   at±5 exact‖·‖med proxy‖·‖med orbital med wrenchΔ med  Δtrend  vtxdist
  step0/init (n= 10)      10     0.889   0.00       0.000       0.000       0.000       0.000  391.60    0.000
  step1/b3 (n=101)     101     0.030   0.10       1.151       0.250       0.768       0.063    0.03    0.050
  step2/a3 (n= 50)      50     0.939   0.86       7.274       1.319       5.989      13.782    1.44   11.571
  step3/b4 (n= 99)      99     0.031   0.10       1.516       0.216       1.220       0.046    0.05    0.063
  step4/a4 (n= 50)      50     0.980   0.96       7.112       1.286       5.966      13.041    1.35   11.702

chattering segments (at±5>0.5): [(4, 'a4'), (2, 'a3')]

  [base] active-set trace, step4/a4 (first 8 ticks):
    tick 0 (even): Ḣ_s=[+0.49,+0.27,+2.19] at±5: —
    tick 1 (odd ): Ḣ_s=[+1.65,+5.00,-3.06] at±5: ['y+']
    tick 2 (even): Ḣ_s=[-1.80,-4.30,+1.09] at±5: —
    tick 3 (odd ): Ḣ_s=[+0.15,+5.00,-5.00] at±5: ['y+', 'z-']
    tick 4 (even): Ḣ_s=[-4.11,-5.00,-5.00] at±5: ['y-', 'z-']
    tick 5 (odd ): Ḣ_s=[-0.89,+3.10,-5.00] at±5: ['z-']
    tick 6 (even): Ḣ_s=[-4.05,-4.84,-5.00] at±5: ['z-']
    tick 7 (odd ): Ḣ_s=[+0.10,+4.44,-5.00] at±5: ['z-']
    vertex A (even) λ≈ [+2.0, +0.0, +0.6, -0.4, -1.2, +1.3, +3.4, -0.1, +1.0, -0.6, -1.8, +1.9]
    vertex B (odd ) λ≈ [-2.4, -0.2, -0.5, +0.3, +1.3, -1.8, -4.4, +0.1, -0.9, +0.5, +2.1, -2.5]
    ‖A−B‖=11.70  intra-A std=2.33 intra-B std=1.58  (‖A−B‖ ≫ intra-std ⇒ two fixed vertices = active-set limit cycle)

==============================================================================
H1/H2 — freeze c_curr (test A): chatter metrics base → cfrozen
==============================================================================
  step0/init: flipfrac 0.889→0.889  at±5 0.00→0.00  exact‖·‖ 0.00→0.00  vtxdist 0.00→0.00
  step1/b3: flipfrac 0.030→0.030  at±5 0.10→0.10  exact‖·‖ 1.15→1.15  vtxdist 0.05→0.05
  step2/a3: flipfrac 0.939→0.939  at±5 0.86→0.86  exact‖·‖ 7.27→7.27  vtxdist 11.57→11.57
  step3/b4: flipfrac 0.031→0.031  at±5 0.10→0.10  exact‖·‖ 1.52→1.52  vtxdist 0.06→0.06
  step4/a4: flipfrac 0.980→0.980  at±5 0.96→0.96  exact‖·‖ 7.11→7.11  vtxdist 11.70→11.70
  chatterer mean flip-frac: base=0.959  cfrozen=0.959  ⇒ H2 (structural) — freezing did NOT remove it

==============================================================================
CONFIG — arm-a (steps 1,3) vs arm-b (steps 0,2): why only arm-a binds
==============================================================================
  step0/init: anchors(a,b)=(np.int64(2), np.int64(2))  orbital‖·‖med=0.00  exact‖·‖med=0.00 (cap 5)  at±5=0.00  flipfrac=0.889
  step1/b3: anchors(a,b)=(np.int64(2), np.int64(3))  orbital‖·‖med=0.77  exact‖·‖med=1.15 (cap 5)  at±5=0.10  flipfrac=0.030
  step2/a3: anchors(a,b)=(np.int64(3), np.int64(3))  orbital‖·‖med=5.99  exact‖·‖med=7.27 (cap 5)  at±5=0.86  flipfrac=0.939
  step3/b4: anchors(a,b)=(np.int64(3), np.int64(4))  orbital‖·‖med=1.22  exact‖·‖med=1.52 (cap 5)  at±5=0.10  flipfrac=0.031
  step4/a4: anchors(a,b)=(np.int64(4), np.int64(4))  orbital‖·‖med=5.97  exact‖·‖med=7.11 (cap 5)  at±5=0.96  flipfrac=0.980
