==============================================================================
RUN [b0]: /home/user/CrawlBot_control/results/pa_b0_exact  (trace ticks=2950)
  MOVING seg [0:240] (240 ticks):
    CoM err   max=0.0484  final=0.0029 m
    W_budget  max=0.0000  mean=0.0000 W
    passivity p_frac (at RHS) = 0.79
    positive work dqⱼᵀτ_q>0   frac = 0.00  (max=-0.0000 W)
    budget VIOLATIONS (pass_resid>W+tol) = 0  [max(pass_resid - W) = +3.76e-19]
    envelope ‖Ḣ_s‖∞ max=0.252 (cap 5.0)  over-cap ticks=0
    feasibility qpf=0 nin=0 ; swing manip 2.541e-01→2.549e-01
  docks=5 timeouts=0
==============================================================================
RUN [b0.25]: /home/user/CrawlBot_control/results/pa_b0.25_exact  (trace ticks=2950)
  MOVING seg [0:240] (240 ticks):
    CoM err   max=0.0469  final=0.0075 m
    W_budget  max=1.0485  mean=0.8830 W
    passivity p_frac (at RHS) = 0.00
    positive work dqⱼᵀτ_q>0   frac = 0.67  (max=+0.0024 W)
    budget VIOLATIONS (pass_resid>W+tol) = 0  [max(pass_resid - W) = -7.60e-01]
    envelope ‖Ḣ_s‖∞ max=0.233 (cap 5.0)  over-cap ticks=0
    feasibility qpf=0 nin=0 ; swing manip 2.541e-01→2.558e-01
  docks=5 timeouts=0
==============================================================================
RUN [b0.5]: /home/user/CrawlBot_control/results/pa_b0.5_exact  (trace ticks=2950)
  MOVING seg [0:240] (240 ticks):
    CoM err   max=0.0469  final=0.0075 m
    W_budget  max=2.0969  mean=1.7659 W
    passivity p_frac (at RHS) = 0.00
    positive work dqⱼᵀτ_q>0   frac = 0.67  (max=+0.0024 W)
    budget VIOLATIONS (pass_resid>W+tol) = 0  [max(pass_resid - W) = -1.52e+00]
    envelope ‖Ḣ_s‖∞ max=0.233 (cap 5.0)  over-cap ticks=0
    feasibility qpf=0 nin=0 ; swing manip 2.541e-01→2.558e-01
  docks=5 timeouts=0
==============================================================================
RUN [b1.0]: /home/user/CrawlBot_control/results/pa_b1.0_exact  (trace ticks=2950)
  MOVING seg [0:240] (240 ticks):
    CoM err   max=0.0469  final=0.0075 m
    W_budget  max=4.1938  mean=3.5318 W
    passivity p_frac (at RHS) = 0.00
    positive work dqⱼᵀτ_q>0   frac = 0.67  (max=+0.0024 W)
    budget VIOLATIONS (pass_resid>W+tol) = 0  [max(pass_resid - W) = -3.05e+00]
    envelope ‖Ḣ_s‖∞ max=0.233 (cap 5.0)  over-cap ticks=0
    feasibility qpf=0 nin=0 ; swing manip 2.541e-01→2.558e-01
  docks=5 timeouts=0
==============================================================================
β-SWEEP SUMMARY (raw — MOVING segment):
 label        com_max com_fin  W_max  p_frac posW>0 viol  Hd_max env>cap  dk/to
 b0            0.0484  0.0029  0.000   0.79   0.00    0   0.252      0  5/0
 b0.25         0.0469  0.0075  1.048   0.00   0.67    0   0.233      0  5/0
 b0.5          0.0469  0.0075  2.097   0.00   0.67    0   0.233      0  5/0
 b1.0          0.0469  0.0075  4.194   0.00   0.67    0   0.233      0  5/0

  (viol=0 ⇒ budget never violated; env>cap=0 ⇒ envelope never exceeded)
