==============================================================================
RUN [proxy]: /home/user/CrawlBot_control/results/pa_b0_proxy  (trace ticks=2790)
  MOVING seg [0:240] (240 ticks):
    CoM err   max=0.0484  final=0.0029 m
    W_budget  max=0.0000  mean=0.0000 W
    passivity p_frac (at RHS) = 0.79
    positive work dqⱼᵀτ_q>0   frac = 0.00  (max=-0.0000 W)
    budget VIOLATIONS (pass_resid>W+tol) = 0  [max(pass_resid - W) = +3.26e-19]
    envelope ‖Ḣ_s‖∞ max=0.252 (cap 5.0)  over-cap ticks=0
    feasibility qpf=0 nin=0 ; swing manip 2.541e-01→2.549e-01
  docks=5 timeouts=0
==============================================================================
RUN [exact]: /home/user/CrawlBot_control/results/pa_b0_exact  (trace ticks=2950)
  MOVING seg [0:240] (240 ticks):
    CoM err   max=0.0484  final=0.0029 m
    W_budget  max=0.0000  mean=0.0000 W
    passivity p_frac (at RHS) = 0.79
    positive work dqⱼᵀτ_q>0   frac = 0.00  (max=-0.0000 W)
    budget VIOLATIONS (pass_resid>W+tol) = 0  [max(pass_resid - W) = +3.76e-19]
    envelope ‖Ḣ_s‖∞ max=0.252 (cap 5.0)  over-cap ticks=0
    feasibility qpf=0 nin=0 ; swing manip 2.541e-01→2.549e-01
  docks=5 timeouts=0
==============================================================================
β-SWEEP SUMMARY (raw — MOVING segment):
 label        com_max com_fin  W_max  p_frac posW>0 viol  Hd_max env>cap  dk/to
 proxy         0.0484  0.0029  0.000   0.79   0.00    0   0.252      0  5/0
 exact         0.0484  0.0029  0.000   0.79   0.00    0   0.252      0  5/0

  (viol=0 ⇒ budget never violated; env>cap=0 ⇒ envelope never exceeded)
