==========================================================================
RUN [m0.0]: /home/user/CrawlBot_control/results/alpha_m0.0   (ds_mobile_trace ticks = 0)
  (empty trace — magnitude 0 / DWELL not triggered)
  docks fired=2  dock_timeouts=0
==========================================================================
RUN [m0.02]: /home/user/CrawlBot_control/results/alpha_m0.02   (ds_mobile_trace ticks = 2240)
  segments (2): [0:240] t=0.1-2.4, [240:2240] t=15.8-35.7
    MOVING ce[max=0.0194 fin=0.0012] pass→0=2.0e-19 p_frac=1.00 Ḣ_max=0.103(cap5) e_frac=0.00 qpf=0 nin=0 manip=2.541e-01→2.544e-01
    hold   ce[max=0.0036 fin=0.0016] pass→0=4.1e-11 p_frac=0.97 Ḣ_max=0.523(cap5) e_frac=0.00 qpf=0 nin=0 manip=1.208e-01→1.204e-01
  >>> MOVING-segment binds: passivity
  docks fired=2  dock_timeouts=0
==========================================================================
RUN [m0.05]: /home/user/CrawlBot_control/results/alpha_m0.05   (ds_mobile_trace ticks = 2240)
  segments (2): [0:240] t=0.1-2.4, [240:2240] t=15.8-35.7
    MOVING ce[max=0.0484 fin=0.0029] pass→0=3.3e-19 p_frac=0.79 Ḣ_max=0.252(cap5) e_frac=0.00 qpf=0 nin=0 manip=2.541e-01→2.549e-01
    hold   ce[max=0.0036 fin=0.0016] pass→0=1.6e-10 p_frac=0.97 Ḣ_max=0.521(cap5) e_frac=0.00 qpf=0 nin=0 manip=1.206e-01→1.202e-01
  >>> MOVING-segment binds: passivity
  docks fired=2  dock_timeouts=0
==========================================================================
RUN [m0.10]: /home/user/CrawlBot_control/results/alpha_m0.10   (ds_mobile_trace ticks = 2240)
  segments (2): [0:240] t=0.1-2.4, [240:2240] t=15.7-35.6
    MOVING ce[max=0.0968 fin=0.0058] pass→0=2.2e-18 p_frac=0.62 Ḣ_max=0.501(cap5) e_frac=0.00 qpf=0 nin=0 manip=2.541e-01→2.556e-01
    hold   ce[max=0.0035 fin=0.0016] pass→0=1.5e-10 p_frac=0.97 Ḣ_max=0.518(cap5) e_frac=0.00 qpf=0 nin=0 manip=1.203e-01→1.199e-01
  >>> MOVING-segment binds: passivity
  docks fired=2  dock_timeouts=0
==========================================================================
RUN [m0.20]: /home/user/CrawlBot_control/results/alpha_m0.20   (ds_mobile_trace ticks = 2240)
  segments (2): [0:240] t=0.1-2.4, [240:2240] t=15.8-35.7
    MOVING ce[max=0.1943 fin=0.0099] pass→0=4.3e-18 p_frac=0.61 Ḣ_max=0.816(cap5) e_frac=0.00 qpf=0 nin=0 manip=2.541e-01→2.571e-01
    hold   ce[max=0.0034 fin=0.0014] pass→0=1.8e-11 p_frac=0.98 Ḣ_max=0.472(cap5) e_frac=0.00 qpf=0 nin=0 manip=1.198e-01→1.193e-01
  >>> MOVING-segment binds: passivity
  docks fired=2  dock_timeouts=0
==========================================================================
RUN [dt1.5_m0.05]: /home/user/CrawlBot_control/results/alpha_dtds1.5_m0.05   (ds_mobile_trace ticks = 2140)
  segments (2): [0:140] t=0.1-1.4, [140:2140] t=14.8-34.7
    MOVING ce[max=0.0496 fin=0.0015] pass→0=1.0e-18 p_frac=0.91 Ḣ_max=0.360(cap5) e_frac=0.00 qpf=0 nin=0 manip=2.541e-01→2.545e-01
    hold   ce[max=0.0036 fin=0.0016] pass→0=1.6e-10 p_frac=0.97 Ḣ_max=0.523(cap5) e_frac=0.00 qpf=0 nin=0 manip=1.207e-01→1.203e-01
  >>> MOVING-segment binds: passivity
  docks fired=2  dock_timeouts=0
==========================================================================
SWEEP SUMMARY (raw — reviewer decides the character):
 label         com_max  com_fin  pass→0  p_frac  Hd_max  e_frac  qpf nin  manip0→manip1   dk/to
Traceback (most recent call last):
  File "/home/user/CrawlBot_control/scripts/audit_alpha.py", line 114, in <module>
    sys.exit(main())
             ^^^^^^
  File "/home/user/CrawlBot_control/scripts/audit_alpha.py", line 107, in main
    % (r['label'], r['com_max'], r['com_final'], r['pass_max'],
                                 ~^^^^^^^^^^^^^
KeyError: 'com_final'
