### chatter ε-sweep (arm-a step2,4 + clean step1,3)
RUN: base  (results/chat_e0)
  step0/init (n= 10)      10     0.889   0.00       0.000       0.000       0.000    0.000     0.000       0.000    0.000
  step1/b3  (n=101)     101     0.030   0.10       1.151       0.250       0.768    1.332     0.059       0.063    0.050
  step2/a3  (n= 50)      50     0.939   0.86       7.274       1.319       5.989    6.904    14.569      13.782   11.571
  step3/b4  (n= 99)      99     0.031   0.10       1.516       0.216       1.220    1.241     0.060       0.046    0.063
  step4/a4  (n= 50)      50     0.980   0.96       7.112       1.286       5.966    6.882    14.151      13.041   11.702
RUN: e01  (results/chat_e01)
  step0/init (n= 10)      10     0.889   0.00       0.000       0.000       0.000    0.000     0.000       0.000    0.000
  step1/b3  (n=102)     102     0.030   0.10       1.074       0.233       0.745    1.243     0.059       0.061    0.053
  step2/a3  (n= 50)      50     0.980   0.86       7.236       1.310       5.974    6.843    14.516      13.732   11.553
  step3/b4  (n= 99)      99     0.031   0.10       1.464       0.215       1.180    1.240     0.057       0.043    0.060
  step4/a4  (n= 50)      50     0.980   0.94       7.113       1.261       5.967    6.738    14.149      12.835   11.346
RUN: e1  (results/chat_e1)
  step0/init (n= 10)      10     0.889   0.00       0.000       0.000       0.000    0.000     0.000       0.000    0.000
  step1/b3  (n=187)     187     0.022   0.05       0.121       0.023       0.098    0.147     0.009       0.010    0.042
  step2/a3  (n= 50)      50     0.980   0.44       5.588       1.042       4.581    5.303    11.376      10.105    6.698
  step3/b4  (n=178)     178     0.023   0.06       0.216       0.027       0.195    0.173     0.017       0.011    0.029
  step4/a4  (n= 50)      50     0.673   0.38       4.141       0.622       3.908    3.165     2.468       2.023    3.824
RUN: e3  (results/chat_e3)
  step0/init (n= 10)      10     0.222   0.00       0.000       0.000       0.000    0.000     0.000       0.000    0.000
  step1/b3  (n=171)     171     0.018   0.05       0.093       0.028       0.070    0.123     0.006       0.007    0.035
  step2/a3  (n= 50)      50     0.041   0.00       0.710       0.194       0.741    0.933     0.027       0.036    0.073
  step3/b4  (n=205)     205     0.020   0.05       0.071       0.006       0.070    0.066     0.005       0.003    0.023
  step4/a4  (n=204)     204     0.030   0.02       0.091       0.022       0.073    0.093     0.004       0.003    0.022
RUN: e5  (results/chat_e5)
  step0/init (n= 10)      10     0.333   0.00       0.000       0.000       0.000    0.000     0.000       0.000    0.000
  step1/b3  (n=191)     191     0.016   0.04       0.048       0.020       0.032    0.081     0.003       0.003    0.024
  step2/a3  (n= 50)      50     0.041   0.00       0.625       0.225       0.649    0.880     0.027       0.032    0.041
  step3/b4  (n=166)     166     0.024   0.05       0.159       0.028       0.135    0.126     0.008       0.006    0.026
  step4/a4  (n=257)     257     0.016   0.02       0.070       0.015       0.056    0.053     0.001       0.001    0.009
RUN: e10  (results/chat_e10)
  step0/init (n= 10)      10     0.222   0.00       0.000       0.000       0.000    0.000     0.000       0.000    0.000
  step1/b3  (n=343)     343     0.006   0.01       0.017       0.005       0.012    0.022     0.000       0.000    0.009
  step2/a3  (n=568)     568     0.007   0.00       0.019       0.005       0.015    0.017     0.000       0.000    0.002
  step3/b4  (n=347)     347     0.009   0.02       0.033       0.007       0.028    0.030     0.001       0.000    0.015
  step4/a4  (n=455)     455     0.009   0.00       0.028       0.005       0.023    0.020     0.000       0.000    0.003
  [base] active-set trace, step4/a4 (first 8 ticks):
  step0/init: anchors(a,b)=(np.int64(2), np.int64(2))  orbital‖·‖med=0.00  exact‖·‖med=0.00 (cap 5)  at±5=0.00  flipfrac=0.889
  step1/b3: anchors(a,b)=(np.int64(2), np.int64(3))  orbital‖·‖med=0.77  exact‖·‖med=1.15 (cap 5)  at±5=0.10  flipfrac=0.030
  step2/a3: anchors(a,b)=(np.int64(3), np.int64(3))  orbital‖·‖med=5.99  exact‖·‖med=7.27 (cap 5)  at±5=0.86  flipfrac=0.939
  step3/b4: anchors(a,b)=(np.int64(3), np.int64(4))  orbital‖·‖med=1.22  exact‖·‖med=1.52 (cap 5)  at±5=0.10  flipfrac=0.031
  step4/a4: anchors(a,b)=(np.int64(4), np.int64(4))  orbital‖·‖med=5.97  exact‖·‖med=7.11 (cap 5)  at±5=0.96  flipfrac=0.980

### SS orbital scaling (baseline)
  step0          0.685    3.331         2.166        2.449        3.486      3.164
  step1          0.807    3.277         1.883        1.147        2.089      2.334
  step2          1.083    2.696         2.510        2.179        4.405      2.318
  step3          1.377    3.120         1.712        0.954        1.754      1.244
  step4          1.705    3.292         4.154        3.363        5.272      2.437
    through-origin slope k = 2.137 N·m per m  (orbital ≈ k·|r_com|; k≈mean|Σf|=3.14 N)
    free fit: orbital ≈ 1.586·|r_com| + 0.691
    Σf trend: |Σf| over SS steps = [3.33 3.28 2.7  3.12 3.29] N (decreasing as r_com grows 0.68→1.70 m)
    EXTRAPOLATION: orbital hits ±5.0 N·m at |r_com| ≈ 2.34 m (for the representative swing |Σf|≈3.14 N). Beyond that crawl distance the orbital lever alone saturates the wheel envelope.
