========================================================================
J2 c_curr — per-tick inter-step QP hw_current refresh: A/B
========================================================================

========== PROXY_OFF ==========
  h_w∞ (per-axis, C5 metric):  whole=4.4834  SS=4.4834  inter-step=1.5758  DWELL/termDS=1.4446  Nms
  staleness (live hw − settle-entry hw), per inter-step settle:
    settle n= 10: max‖hw_live−hw_entry‖=0.0000 Nms (entry‖hw‖=0.000 → max‖hw‖=0.000)
    settle n=174: max‖hw_live−hw_entry‖=0.3553 Nms (entry‖hw‖=0.436 → max‖hw‖=0.504)
    settle n= 50: max‖hw_live−hw_entry‖=0.0384 Nms (entry‖hw‖=1.161 → max‖hw‖=1.167)
    settle n=103: max‖hw_live−hw_entry‖=0.3872 Nms (entry‖hw‖=1.395 → max‖hw‖=1.725)
    settle n= 50: max‖hw_live−hw_entry‖=0.0533 Nms (entry‖hw‖=1.707 → max‖hw‖=1.707)
  WORST intra-settle staleness = 0.3872 Nms  (= how stale the entry-frozen hw_current got; c_curr removes this)
  settles (n / exit / T_start→T_end):
    step 0: n=  11 target_met  0.00e+00→3.93e-13
    step 1: n= 175 plateau     2.39e-03→1.08e-05
    step 2: n=  51 plateau     3.33e-04→4.82e-03
    step 3: n= 104 plateau     3.88e-03→5.65e-05
    step 4: n=  51 plateau     3.71e-04→4.91e-03

========== PROXY_ON ==========
  h_w∞ (per-axis, C5 metric):  whole=4.4834  SS=4.4834  inter-step=1.5758  DWELL/termDS=1.4446  Nms
  staleness (live hw − settle-entry hw), per inter-step settle:
    settle n= 10: max‖hw_live−hw_entry‖=0.0000 Nms (entry‖hw‖=0.000 → max‖hw‖=0.000)
    settle n=174: max‖hw_live−hw_entry‖=0.3553 Nms (entry‖hw‖=0.436 → max‖hw‖=0.504)
    settle n= 50: max‖hw_live−hw_entry‖=0.0384 Nms (entry‖hw‖=1.161 → max‖hw‖=1.167)
    settle n=103: max‖hw_live−hw_entry‖=0.3872 Nms (entry‖hw‖=1.395 → max‖hw‖=1.725)
    settle n= 50: max‖hw_live−hw_entry‖=0.0533 Nms (entry‖hw‖=1.707 → max‖hw‖=1.707)
  WORST intra-settle staleness = 0.3872 Nms  (= how stale the entry-frozen hw_current got; c_curr removes this)
  settles (n / exit / T_start→T_end):
    step 0: n=  11 target_met  0.00e+00→3.93e-13
    step 1: n= 175 plateau     2.39e-03→1.08e-05
    step 2: n=  51 plateau     3.33e-04→4.82e-03
    step 3: n= 104 plateau     3.88e-03→5.65e-05
    step 4: n=  51 plateau     3.71e-04→4.91e-03

========== EXACT_ON ==========
  h_w∞ (per-axis, C5 metric):  whole=4.9494  SS=4.9494  inter-step=1.2996  DWELL/termDS=2.4975  Nms
  staleness (live hw − settle-entry hw), per inter-step settle:
    settle n= 10: max‖hw_live−hw_entry‖=0.0000 Nms (entry‖hw‖=0.000 → max‖hw‖=0.000)
    settle n=101: max‖hw_live−hw_entry‖=0.3228 Nms (entry‖hw‖=0.436 → max‖hw‖=0.436)
    settle n= 50: max‖hw_live−hw_entry‖=0.1907 Nms (entry‖hw‖=1.115 → max‖hw‖=1.120)
    settle n= 99: max‖hw_live−hw_entry‖=0.2842 Nms (entry‖hw‖=1.261 → max‖hw‖=1.283)
    settle n= 50: max‖hw_live−hw_entry‖=0.1960 Nms (entry‖hw‖=1.498 → max‖hw‖=1.498)
  WORST intra-settle staleness = 0.3228 Nms  (= how stale the entry-frozen hw_current got; c_curr removes this)
  settles (n / exit / T_start→T_end):
    step 0: n=  11 target_met  0.00e+00→3.93e-13
    step 1: n= 102 plateau     2.39e-03→7.80e-05
    step 2: n=  51 plateau     3.22e-04→2.15e-03
    step 3: n= 100 plateau     4.99e-03→6.80e-05
    step 4: n=  51 plateau     3.74e-04→2.02e-03

========================================================================
SUMMARY  (h_w∞ per-axis = the C5 metric; cap 4.5, physical 5.0)
========================================================================
  run               hw∞ whole    hw∞ SS  hw∞ inter  worst-stale
  proxy_off            4.4834    4.4834     1.5758       0.3872
  proxy_on             4.4834    4.4834     1.5758       0.3872
  exact_on             4.9494    4.9494     1.2996       0.3228
