--- ccurr_proxy_off ---
C1 docking : PASS  wp_d=[4.94, 4.51, 4.91, 4.72, 4.85] base_d=[1.86, 4.94, 4.87, 4.92, 4.94]
C2 torso-track: PASS  ori_rms wp=0.098≤base=0.673? pos_peak wp=16.9≤base=17.7mm?
C3 envelope: PASS  realized‖Ḣ_s‖∞_SS=5.00≤5 (per-axis [3.28, 4.64, 5.0]; planned constraint unchanged)
C4 attitude: PASS  peak=0.53≤1.9 final=0.05≤1.65
C5 h_w∞    : PASS  wp=4.483 ≤4.5 (base=3.387)
C6 OFF/test: flag-OFF vs ssmom_phase1_baseline_fixA (Fix-A plant, AOCS=legacy_pid_numerical): BIT-IDENTICAL ; worst|delta|=0.00e+00 ; nonzero=NONEtest_reworked_qp: 8 passed, 1 warning in 87.15s (0:01:27)
--- ccurr_proxy_on ---
C1 docking : PASS  wp_d=[4.94, 4.51, 4.91, 4.72, 4.85] base_d=[1.86, 4.94, 4.87, 4.92, 4.94]
C2 torso-track: PASS  ori_rms wp=0.098≤base=0.673? pos_peak wp=16.9≤base=17.7mm?
C3 envelope: PASS  realized‖Ḣ_s‖∞_SS=5.00≤5 (per-axis [3.28, 4.64, 5.0]; planned constraint unchanged)
C4 attitude: PASS  peak=0.53≤1.9 final=0.05≤1.65
C5 h_w∞    : PASS  wp=4.483 ≤4.5 (base=3.387)
C6 OFF/test: flag-OFF vs ssmom_phase1_baseline_fixA (Fix-A plant, AOCS=legacy_pid_numerical): BIT-IDENTICAL ; worst|delta|=0.00e+00 ; nonzero=NONEtest_reworked_qp: 8 passed, 1 warning in 87.15s (0:01:27)
--- ccurr_exact_on ---
C1 docking : FAIL  wp_d=[4.94, 4.44, 4.99, 4.64, 4.73] base_d=[1.86, 4.94, 4.87, 4.92, 4.94]
C2 torso-track: FAIL  ori_rms wp=0.111≤base=0.673? pos_peak wp=28.0≤base=17.7mm?
C3 envelope: PASS  realized‖Ḣ_s‖∞_SS=5.00≤5 (per-axis [3.3, 5.0, 5.0]; planned constraint unchanged)
C4 attitude: PASS  peak=0.62≤1.9 final=0.11≤1.65
C5 h_w∞    : FAIL  wp=4.949 ≤4.5 (base=3.387)
C6 OFF/test: flag-OFF vs ssmom_phase1_baseline_fixA (Fix-A plant, AOCS=legacy_pid_numerical): BIT-IDENTICAL ; worst|delta|=0.00e+00 ; nonzero=NONEtest_reworked_qp: 8 passed, 1 warning in 87.15s (0:01:27)
