--- df_off ---
C1 docking : PASS  wp_d=[4.94, 4.51, 4.91, 4.61, 4.84] base_d=[1.86, 4.94, 4.87, 4.92, 4.94]
C2 torso-track: PASS  ori_rms wp=0.089≤base=0.673? pos_peak wp=16.0≤base=17.7mm?
C3 envelope: PASS  realized‖Ḣ_s‖∞_SS=5.00≤5 (per-axis [3.3, 4.46, 5.0]; planned constraint unchanged)
C4 attitude: PASS  peak=0.59≤1.9 final=0.10≤1.65
C5 h_w∞    : PASS  wp=4.373 ≤4.5 (base=3.387)
C6 OFF/test: flag-OFF vs ssmom_phase1_baseline_fixA (Fix-A plant, AOCS=legacy_pid_numerical): BIT-IDENTICAL ; worst|delta|=0.00e+00 ; nonzero=NONEtest_reworked_qp: 8 passed, 1 warning in 87.15s (0:01:27)
--- df_strict ---
C1 docking : PASS  wp_d=[4.94, 4.51, 4.91, 4.61, 4.84] base_d=[1.86, 4.94, 4.87, 4.92, 4.94]
C2 torso-track: PASS  ori_rms wp=0.089≤base=0.673? pos_peak wp=16.0≤base=17.7mm?
C3 envelope: PASS  realized‖Ḣ_s‖∞_SS=5.00≤5 (per-axis [3.3, 4.46, 5.0]; planned constraint unchanged)
C4 attitude: PASS  peak=0.59≤1.9 final=0.10≤1.65
C5 h_w∞    : PASS  wp=4.373 ≤4.5 (base=3.387)
C6 OFF/test: flag-OFF vs ssmom_phase1_baseline_fixA (Fix-A plant, AOCS=legacy_pid_numerical): BIT-IDENTICAL ; worst|delta|=0.00e+00 ; nonzero=NONEtest_reworked_qp: 8 passed, 1 warning in 87.15s (0:01:27)
--- df_W0.5 ---
C1 docking : PASS  wp_d=[4.94, 4.51, 4.91, 4.61, 4.84] base_d=[1.86, 4.94, 4.87, 4.92, 4.94]
C2 torso-track: PASS  ori_rms wp=0.089≤base=0.673? pos_peak wp=16.0≤base=17.7mm?
C3 envelope: PASS  realized‖Ḣ_s‖∞_SS=5.00≤5 (per-axis [3.3, 4.46, 5.0]; planned constraint unchanged)
C4 attitude: PASS  peak=0.59≤1.9 final=0.10≤1.65
C5 h_w∞    : PASS  wp=4.374 ≤4.5 (base=3.387)
C6 OFF/test: flag-OFF vs ssmom_phase1_baseline_fixA (Fix-A plant, AOCS=legacy_pid_numerical): BIT-IDENTICAL ; worst|delta|=0.00e+00 ; nonzero=NONEtest_reworked_qp: 8 passed, 1 warning in 87.15s (0:01:27)
--- df_W2.0 ---
C1 docking : PASS  wp_d=[4.94, 4.51, 4.91, 4.61, 4.84] base_d=[1.86, 4.94, 4.87, 4.92, 4.94]
C2 torso-track: PASS  ori_rms wp=0.089≤base=0.673? pos_peak wp=16.0≤base=17.7mm?
C3 envelope: PASS  realized‖Ḣ_s‖∞_SS=5.00≤5 (per-axis [3.3, 4.46, 5.0]; planned constraint unchanged)
C4 attitude: PASS  peak=0.59≤1.9 final=0.10≤1.65
C5 h_w∞    : PASS  wp=4.374 ≤4.5 (base=3.387)
C6 OFF/test: flag-OFF vs ssmom_phase1_baseline_fixA (Fix-A plant, AOCS=legacy_pid_numerical): BIT-IDENTICAL ; worst|delta|=0.00e+00 ; nonzero=NONEtest_reworked_qp: 8 passed, 1 warning in 87.15s (0:01:27)
--- df_W10 ---
C1 docking : PASS  wp_d=[4.94, 4.51, 4.91, 4.61, 4.84] base_d=[1.86, 4.94, 4.87, 4.92, 4.94]
C2 torso-track: PASS  ori_rms wp=0.089≤base=0.673? pos_peak wp=16.0≤base=17.7mm?
C3 envelope: PASS  realized‖Ḣ_s‖∞_SS=5.00≤5 (per-axis [3.3, 4.46, 5.0]; planned constraint unchanged)
C4 attitude: PASS  peak=0.59≤1.9 final=0.10≤1.65
C5 h_w∞    : PASS  wp=4.374 ≤4.5 (base=3.387)
C6 OFF/test: flag-OFF vs ssmom_phase1_baseline_fixA (Fix-A plant, AOCS=legacy_pid_numerical): BIT-IDENTICAL ; worst|delta|=0.00e+00 ; nonzero=NONEtest_reworked_qp: 8 passed, 1 warning in 87.15s (0:01:27)
