--- pa_b0_exact ---
C1 docking : PASS  wp_d=[4.82, 4.28, 4.91, 4.27, 4.94] base_d=[1.86, 4.94, 4.87, 4.92, 4.94]
C2 torso-track: FAIL  ori_rms wp=0.117≤base=0.673? pos_peak wp=25.2≤base=17.7mm?
C3 envelope: PASS  realized‖Ḣ_s‖∞_SS=5.00≤5 (per-axis [3.63, 5.0, 5.0]; planned constraint unchanged)
C4 attitude: PASS  peak=0.47≤1.9 final=0.10≤1.65
C5 h_w∞    : FAIL  wp=4.935 ≤4.5 (base=3.387)
C6 OFF/test: flag-OFF vs ssmom_phase1_baseline_fixA (Fix-A plant, AOCS=legacy_pid_numerical): BIT-IDENTICAL ; worst|delta|=0.00e+00 ; nonzero=NONEtest_reworked_qp: 8 passed, 1 warning in 87.15s (0:01:27)
--- pa_b0.25_exact ---
C1 docking : FAIL  wp_d=[4.83, 4.21, 4.95, 4.19, 4.85] base_d=[1.86, 4.94, 4.87, 4.92, 4.94]
C2 torso-track: FAIL  ori_rms wp=0.117≤base=0.673? pos_peak wp=24.9≤base=17.7mm?
C3 envelope: PASS  realized‖Ḣ_s‖∞_SS=5.00≤5 (per-axis [3.64, 5.0, 5.0]; planned constraint unchanged)
C4 attitude: PASS  peak=0.45≤1.9 final=0.12≤1.65
C5 h_w∞    : FAIL  wp=4.932 ≤4.5 (base=3.387)
C6 OFF/test: flag-OFF vs ssmom_phase1_baseline_fixA (Fix-A plant, AOCS=legacy_pid_numerical): BIT-IDENTICAL ; worst|delta|=0.00e+00 ; nonzero=NONEtest_reworked_qp: 8 passed, 1 warning in 87.15s (0:01:27)
--- pa_b0.5_exact ---
C1 docking : FAIL  wp_d=[4.83, 4.21, 4.95, 4.19, 4.85] base_d=[1.86, 4.94, 4.87, 4.92, 4.94]
C2 torso-track: FAIL  ori_rms wp=0.117≤base=0.673? pos_peak wp=24.9≤base=17.7mm?
C3 envelope: PASS  realized‖Ḣ_s‖∞_SS=5.00≤5 (per-axis [3.64, 5.0, 5.0]; planned constraint unchanged)
C4 attitude: PASS  peak=0.45≤1.9 final=0.12≤1.65
C5 h_w∞    : FAIL  wp=4.932 ≤4.5 (base=3.387)
C6 OFF/test: flag-OFF vs ssmom_phase1_baseline_fixA (Fix-A plant, AOCS=legacy_pid_numerical): BIT-IDENTICAL ; worst|delta|=0.00e+00 ; nonzero=NONEtest_reworked_qp: 8 passed, 1 warning in 87.15s (0:01:27)
--- pa_b1.0_exact ---
C1 docking : FAIL  wp_d=[4.83, 4.21, 4.95, 4.19, 4.85] base_d=[1.86, 4.94, 4.87, 4.92, 4.94]
C2 torso-track: FAIL  ori_rms wp=0.117≤base=0.673? pos_peak wp=25.0≤base=17.7mm?
C3 envelope: PASS  realized‖Ḣ_s‖∞_SS=5.00≤5 (per-axis [3.64, 5.0, 5.0]; planned constraint unchanged)
C4 attitude: PASS  peak=0.45≤1.9 final=0.12≤1.65
C5 h_w∞    : FAIL  wp=4.932 ≤4.5 (base=3.387)
C6 OFF/test: flag-OFF vs ssmom_phase1_baseline_fixA (Fix-A plant, AOCS=legacy_pid_numerical): BIT-IDENTICAL ; worst|delta|=0.00e+00 ; nonzero=NONEtest_reworked_qp: 8 passed, 1 warning in 87.15s (0:01:27)
--- pa_b0_proxy ---
C1 docking : FAIL  wp_d=[4.82, 4.47, 4.98, 4.55, 4.81] base_d=[1.86, 4.94, 4.87, 4.92, 4.94]
C2 torso-track: PASS  ori_rms wp=0.071≤base=0.673? pos_peak wp=13.8≤base=17.7mm?
C3 envelope: PASS  realized‖Ḣ_s‖∞_SS=5.00≤5 (per-axis [3.37, 4.09, 5.0]; planned constraint unchanged)
C4 attitude: PASS  peak=0.47≤1.9 final=0.07≤1.65
C5 h_w∞    : PASS  wp=4.179 ≤4.5 (base=3.387)
C6 OFF/test: flag-OFF vs ssmom_phase1_baseline_fixA (Fix-A plant, AOCS=legacy_pid_numerical): BIT-IDENTICAL ; worst|delta|=0.00e+00 ; nonzero=NONEtest_reworked_qp: 8 passed, 1 warning in 87.15s (0:01:27)
