PHASE-1E FRONTIER — planned pre-planner, per h_max (rate cap L_dot<=5, box=h_max)
per-step CoM distance [m]: [0.1953, 0.591, 0.2018, 0.5613, 0.2151, 0.429]
  h_max | steps ok | minT_step | planned speed |  Ldot pk |  h_w pk | notes
      5 |      6/6 |     2.775 |      0.0704 m/s |    5.000 |   5.000 | ALL CONVERGE
      6 |      6/6 |     2.313 |      0.0844 m/s |    5.000 |   6.000 | ALL CONVERGE
      7 |      6/6 |     1.982 |      0.0985 m/s |    5.000 |   7.000 | ALL CONVERGE
      8 |      3/6 |     1.734 |      0.1126 m/s |    0.088 |   7.737 | fail@steps 0,2,4
     10 |      3/6 |     1.387 |      0.1407 m/s |    0.204 |   9.342 | fail@steps 0,2,4
     12 |      3/6 |     1.156 |      0.1689 m/s |    1.103 |  11.027 | fail@steps 0,2,4

Per-step planned L_dot peak (vs cap 5) and h_w peak (vs box):
  h_max=   5: s0[T2.78 ok1 Ld0.70 hw4.31]  s1[T8.40 ok1 Ld0.01 hw4.33]  s2[T2.87 ok1 Ld2.67 hw5.00]  s3[T7.98 ok1 Ld0.01 hw4.84]  s4[T3.06 ok1 Ld5.00 hw5.00]  s5[T6.10 ok1 Ld0.01 hw5.00]
  h_max=   6: s0[T2.31 ok1 Ld5.00 hw5.08]  s1[T7.00 ok1 Ld0.01 hw5.15]  s2[T2.39 ok1 Ld5.00 hw6.00]  s3[T6.65 ok1 Ld0.01 hw5.60]  s4[T2.55 ok1 Ld5.00 hw6.00]  s5[T5.08 ok1 Ld0.03 hw6.00]
  h_max=   7: s0[T1.98 ok1 Ld5.00 hw3.90]  s1[T6.00 ok1 Ld0.02 hw5.97]  s2[T2.05 ok1 Ld5.00 hw7.00]  s3[T5.70 ok1 Ld0.03 hw6.36]  s4[T2.18 ok1 Ld5.00 hw7.00]  s5[T4.35 ok1 Ld0.05 hw6.95]
  h_max=   8: s0[T1.73 ok0 Ld5.00 hw3.54]  s1[T5.25 ok1 Ld0.04 hw6.79]  s2[T1.79 ok0 Ld5.00 hw8.00]  s3[T4.99 ok1 Ld0.04 hw7.11]  s4[T1.91 ok0 Ld5.00 hw8.00]  s5[T3.81 ok1 Ld0.09 hw7.74]
  h_max=  10: s0[T1.39 ok0 Ld5.00 hw2.58]  s1[T4.20 ok1 Ld0.08 hw8.42]  s2[T1.43 ok0 Ld5.00 hw8.51]  s3[T3.99 ok1 Ld0.10 hw8.61]  s4[T1.53 ok0 Ld5.00 hw10.00]  s5[T3.05 ok1 Ld0.20 hw9.34]
  h_max=  12: s0[T1.16 ok0 Ld5.00 hw1.78]  s1[T3.50 ok1 Ld0.16 hw10.05]  s2[T1.19 ok0 Ld5.00 hw7.86]  s3[T3.32 ok1 Ld0.19 hw10.11]  s4[T1.27 ok0 Ld5.00 hw12.00]  s5[T2.54 ok1 Ld1.10 hw11.03]

TASK B — first failure: h_max=8 step=0 (T_step=1.734s, dist=0.195m)
  warm-start from h_max=7.0 x*: success=False (cost=231.098)
  failed iterate: |L_dot|pk=5.0 (cap 5.0)  |f|pk=25.0 (max 25.0)  |h_w|pk=3.542 (box 8.0)
    terminal: r_err=0.0m  v=0.00707  L=0.0517  (eps_v=0.005, eps_L=0.05)
  => (b) INFEASIBLE at this speed — warm-start does not rescue; see failed_iterate for the binding/violated constraint

wrote results/j2_ablation_envelope/hmax_frontier.json

=== verbatim IPOPT EXIT — Task B h_max=8 step-0 (verbose re-solve) ===
Number of Iterations....: 98
Objective...............:   2.3280578540713776e+02    2.3280578540713776e+02
Dual infeasibility......:   9.7491628755510007e+00    9.7491628755510007e+00
Constraint violation....:   3.5294193163717846e-02    3.5294193163717846e-02
Variable bound violation:   0.0000000000000000e+00    0.0000000000000000e+00
Overall NLP error.......:   9.7491628755510007e+00    9.7491628755510007e+00
EXIT: Converged to a point of local infeasibility. Problem may be infeasible.
