[loose realverbose] h_max_tight=10, enforce=True, ipopt_print_level=5 (REAL path)
[COOP-ARMS COOP] MJCF md5 pre:  8ab0edb58ca2f05fcd3c9b24dd6b41a8
[SimulationLoop] Initialized:
  Robot mass:     71.1 kg
  RWA model:      YES (3 wheels)
  AOCS estimator: L_dot (legacy)
  GMO dock:       NO (legacy kinematic)
  NMPC:           10 Hz, N=8
  QP:             100 Hz, 10 per NMPC
  Gait:           1 step(s), T_step from pre-planner (margin=5.0s)
  Constraints:    L_max=10.0 Nms, tau_w=5.0 Nm, tau_joint=20.0 Nm
  hw bounds:      [-5.0, 5.0] Nms
  Dock threshold: 5.0 mm
  Settling:       stage1=0, stage2=1 (0.01s sim, exit=target_met)
                  T: 0.000e+00 -> 0.000e+00 J  (target T_settle=2.554e-08)
                  lambda_min(H)=5.1084e-02 kg·m²
                  initial |v_com|=0.0000 mm/s, |L_com|=0.0000 mNms

======================================================================
  Cooperative-arms 5-step (cooperative=True, alpha_torso_lin=500.0)
  Output: /home/user/CrawlBot_control/results/_loose_realverbose
======================================================================

[Step 0] swing=b, stance=(2a,2b), target=3b
  DS: t=0.00s (energy-based exit)

qpOASES -- An Implementation of the Online Active Set Strategy.
Copyright (C) 2007-2015 by Hans Joachim Ferreau, Andreas Potschka,
Christian Kirches et al. All rights reserved.

qpOASES is distributed under the terms of the 
GNU Lesser General Public License 2.1 in the hope that it will be 
useful, but WITHOUT ANY WARRANTY; without even the implied warranty 
of MERCHANTABILITY or FITNESS FOR A PARTICULAR PURPOSE. 
See the GNU Lesser General Public License for more details.


qpOASES -- An Implementation of the Online Active Set Strategy.
Copyright (C) 2007-2015 by Hans Joachim Ferreau, Andreas Potschka,
Christian Kirches et al. All rights reserved.

qpOASES is distributed under the terms of the 
GNU Lesser General Public License 2.1 in the hope that it will be 
useful, but WITHOUT ANY WARRANTY; without even the implied warranty 
of MERCHANTABILITY or FITNESS FOR A PARTICULAR PURPOSE. 
See the GNU Lesser General Public License for more details.


qpOASES -- An Implementation of the Online Active Set Strategy.
Copyright (C) 2007-2015 by Hans Joachim Ferreau, Andreas Potschka,
Christian Kirches et al. All rights reserved.

qpOASES is distributed under the terms of the 
GNU Lesser General Public License 2.1 in the hope that it will be 
useful, but WITHOUT ANY WARRANTY; without even the implied warranty 
of MERCHANTABILITY or FITNESS FOR A PARTICULAR PURPOSE. 
See the GNU Lesser General Public License for more details.


qpOASES -- An Implementation of the Online Active Set Strategy.
Copyright (C) 2007-2015 by Hans Joachim Ferreau, Andreas Potschka,
Christian Kirches et al. All rights reserved.

qpOASES is distributed under the terms of the 
GNU Lesser General Public License 2.1 in the hope that it will be 
useful, but WITHOUT ANY WARRANTY; without even the implied warranty 
of MERCHANTABILITY or FITNESS FOR A PARTICULAR PURPOSE. 
See the GNU Lesser General Public License for more details.


qpOASES -- An Implementation of the Online Active Set Strategy.
Copyright (C) 2007-2015 by Hans Joachim Ferreau, Andreas Potschka,
Christian Kirches et al. All rights reserved.

qpOASES is distributed under the terms of the 
GNU Lesser General Public License 2.1 in the hope that it will be 
useful, but WITHOUT ANY WARRANTY; without even the implied warranty 
of MERCHANTABILITY or FITNESS FOR A PARTICULAR PURPOSE. 
See the GNU Lesser General Public License for more details.


qpOASES -- An Implementation of the Online Active Set Strategy.
Copyright (C) 2007-2015 by Hans Joachim Ferreau, Andreas Potschka,
Christian Kirches et al. All rights reserved.

qpOASES is distributed under the terms of the 
GNU Lesser General Public License 2.1 in the hope that it will be 
useful, but WITHOUT ANY WARRANTY; without even the implied warranty 
of MERCHANTABILITY or FITNESS FOR A PARTICULAR PURPOSE. 
See the GNU Lesser General Public License for more details.


qpOASES -- An Implementation of the Online Active Set Strategy.
Copyright (C) 2007-2015 by Hans Joachim Ferreau, Andreas Potschka,
Christian Kirches et al. All rights reserved.

qpOASES is distributed under the terms of the 
GNU Lesser General Public License 2.1 in the hope that it will be 
useful, but WITHOUT ANY WARRANTY; without even the implied warranty 
of MERCHANTABILITY or FITNESS FOR A PARTICULAR PURPOSE. 
See the GNU Lesser General Public License for more details.


qpOASES -- An Implementation of the Online Active Set Strategy.
Copyright (C) 2007-2015 by Hans Joachim Ferreau, Andreas Potschka,
Christian Kirches et al. All rights reserved.

qpOASES is distributed under the terms of the 
GNU Lesser General Public License 2.1 in the hope that it will be 
useful, but WITHOUT ANY WARRANTY; without even the implied warranty 
of MERCHANTABILITY or FITNESS FOR A PARTICULAR PURPOSE. 
See the GNU Lesser General Public License for more details.


qpOASES -- An Implementation of the Online Active Set Strategy.
Copyright (C) 2007-2015 by Hans Joachim Ferreau, Andreas Potschka,
Christian Kirches et al. All rights reserved.

qpOASES is distributed under the terms of the 
GNU Lesser General Public License 2.1 in the hope that it will be 
useful, but WITHOUT ANY WARRANTY; without even the implied warranty 
of MERCHANTABILITY or FITNESS FOR A PARTICULAR PURPOSE. 
See the GNU Lesser General Public License for more details.


qpOASES -- An Implementation of the Online Active Set Strategy.
Copyright (C) 2007-2015 by Hans Joachim Ferreau, Andreas Potschka,
Christian Kirches et al. All rights reserved.

qpOASES is distributed under the terms of the 
GNU Lesser General Public License 2.1 in the hope that it will be 
useful, but WITHOUT ANY WARRANTY; without even the implied warranty 
of MERCHANTABILITY or FITNESS FOR A PARTICULAR PURPOSE. 
See the GNU Lesser General Public License for more details.

  DS settle: 0.00 → +0.110s (11 steps, exit=target_met, T: 0.00e+00 → 1.60e-19 J)
  [IK] mode=fixed_rotation  ||log(R_start^T R_goal)|| = 0.00 deg  |Δp_torso| = 125.5 mm  w_a*w_b(fixed) = 2.42e-02  threshold = 1.00e-04
This is Ipopt version 3.14.11, running with linear solver MUMPS 5.4.1.

Number of nonzeros in equality constraint Jacobian...:      732
Number of nonzeros in inequality constraint Jacobian.:      561
Number of nonzeros in Lagrangian Hessian.............:      462

Total number of variables............................:      234
                     variables with only lower bounds:        0
                variables with lower and upper bounds:        0
                     variables with only upper bounds:        0
Total number of equality constraints.................:      147
Total number of inequality constraints...............:      189
        inequality constraints with only lower bounds:        0
   inequality constraints with lower and upper bounds:      189
        inequality constraints with only upper bounds:        0

iter    objective    inf_pr   inf_du lg(mu)  ||d||  lg(rg) alpha_du alpha_pr  ls
   0  0.0000000e+00 1.35e-01 0.00e+00  -1.0 0.00e+00    -  0.00e+00 0.00e+00   0
   1  4.3004055e-02 1.32e-01 2.00e+00  -1.0 2.17e+01    -  5.26e-02 2.62e-02h  1
   2  4.7666494e-02 1.32e-01 4.61e+02  -1.0 3.33e+01    -  8.87e-02 1.21e-03h  1
   3  2.8434298e-01 1.28e-01 1.81e+03  -1.0 4.08e+01    -  2.51e-01 2.56e-02h  1
   4  2.0169532e+01 9.55e-02 1.22e+03  -1.0 4.00e+01    -  2.32e-01 2.56e-01h  1
   5  3.3599104e+01 8.80e-02 3.55e+03  -1.0 2.51e+01    -  3.55e-01 7.86e-02h  2
   6  3.8156570e+01 8.62e-02 6.96e+03  -1.0 3.25e+01    -  2.63e-01 2.04e-02h  4
   7  4.0452261e+01 8.54e-02 1.14e+04  -1.0 4.68e+01    -  2.06e-01 9.62e-03h  5
   8  4.2718730e+01 8.46e-02 2.06e+04  -1.0 6.35e+01    -  2.65e-01 9.32e-03h  5
   9  4.3970526e+01 8.41e-02 3.70e+04  -1.0 8.66e+01    -  2.63e-01 5.10e-03h  6
iter    objective    inf_pr   inf_du lg(mu)  ||d||  lg(rg) alpha_du alpha_pr  ls
  10  4.5441076e+01 8.37e-02 4.56e+04  -1.0 1.07e+02    -  8.44e-02 5.77e-03h  6
  11  4.6950763e+01 8.32e-02 8.04e+04  -1.0 1.12e+02    -  2.51e-01 5.54e-03h  6
  12  4.8465026e+01 8.28e-02 8.52e+04  -1.0 1.22e+02    -  2.59e-02 5.20e-03h  6
  13  4.9475784e+01 8.25e-02 1.55e+05  -1.0 1.25e+02    -  2.52e-01 3.28e-03h  6
  14  5.0532875e+01 8.22e-02 1.65e+05  -1.0 1.35e+02    -  2.47e-02 3.31e-03h  6
  15  9.5526055e+01 7.49e-02 2.67e+05  -1.0 1.32e+02    -  2.93e-01 8.95e-02w  1
  16  1.5044423e+02 6.91e-02 4.31e+05  -1.0 1.52e+02    -  1.79e-01 7.73e-02w  1
  17  1.8135685e+02 6.63e-02 1.95e+06  -1.0 1.71e+02    -  2.47e-01 4.06e-02w  1
  18  5.1458987e+01 8.20e-02 3.30e+05  -1.0 5.73e+01    -  2.93e-01 2.80e-03h  5
  19  5.2769584e+01 8.17e-02 3.71e+05  -1.0 1.09e+02    -  4.05e-02 3.88e-03h  6
iter    objective    inf_pr   inf_du lg(mu)  ||d||  lg(rg) alpha_du alpha_pr  ls
  20  5.4169345e+01 8.13e-02 6.75e+05  -1.0 1.06e+02    -  2.32e-01 3.99e-03h  6
  21  5.5985635e+01 8.09e-02 8.85e+05  -1.0 1.33e+02    -  9.15e-02 5.00e-03h  6
  22  5.7791875e+01 8.06e-02 1.78e+06  -1.0 1.35e+02    -  2.72e-01 4.78e-03h  6
  23  5.9642617e+01 8.02e-02 2.87e+06  -1.0 1.32e+02    -  1.65e-01 4.75e-03h  6
  24  6.1591616e+01 7.98e-02 8.82e+06  -1.0 1.25e+02    -  5.27e-01 4.85e-03h  6
  25  6.3706610e+01 7.94e-02 1.52e+07  -1.0 1.15e+02    -  1.87e-01 5.13e-03h  6
  26  6.5887903e+01 7.90e-02 7.81e+07  -1.0 1.11e+02    -  1.00e+00 5.13e-03h  6
  27  6.8177113e+01 7.85e-02 1.41e+08  -1.0 1.05e+02    -  1.99e-01 5.24e-03h  6
  28  1.8192208e+02 6.56e-02 6.31e+08  -1.0 1.04e+02    -  1.00e+00 1.64e-01w  1
  29  1.8723762e+02 6.52e-02 2.31e+10  -1.0 7.46e+01    -  1.00e+00 7.53e-03w  1
iter    objective    inf_pr   inf_du lg(mu)  ||d||  lg(rg) alpha_du alpha_pr  ls
  30  1.9648480e+02 6.42e-02 5.20e+11  -1.0 7.00e+01    -  5.47e-01 1.39e-02w  1
  31  7.0486516e+01 7.81e-02 7.51e+08  -1.0 7.31e+01    -  1.00e+00 5.13e-03h  5
  32  7.2848574e+01 7.77e-02 1.50e+09  -1.0 1.01e+02    -  2.32e-01 5.12e-03h  6
  33  7.5217816e+01 7.74e-02 8.31e+09  -1.0 1.00e+02    -  1.00e+00 5.00e-03h  6
  34  7.7619906e+01 7.70e-02 1.81e+10  -1.0 9.82e+01    -  2.59e-01 4.96e-03h  6
  35  8.0020111e+01 7.66e-02 1.05e+11  -1.0 9.74e+01    -  1.00e+00 4.85e-03h  6
  36  8.2438811e+01 7.62e-02 2.46e+11  -1.0 9.56e+01    -  2.81e-01 4.79e-03h  6
  37  8.4847638e+01 7.59e-02 1.49e+12  -1.0 9.49e+01    -  1.00e+00 4.67e-03h  6
  38  8.7513475e+01 7.55e-02 2.45e+12  -1.0 1.82e+02    -  1.74e-01 4.95e-03h  5
  39  9.0223384e+01 7.51e-02 5.89e+12  -1.0 1.63e+02    -  6.14e-01 5.17e-03h  5
iter    objective    inf_pr   inf_du lg(mu)  ||d||  lg(rg) alpha_du alpha_pr  ls
  40  9.3273984e+01 7.46e-02 6.28e+12  -1.0 1.03e+02    -  1.48e-01 6.22e-03h  5
  41  1.5060917e+02 6.73e-02 7.28e+12  -1.0 8.55e+01    -  5.80e-01 9.88e-02w  1
  42  1.8834652e+02 6.44e-02 9.68e+12  -1.0 1.93e+02    -  8.12e-02 4.25e-02w  1
  43  1.9927471e+02 6.38e-02 8.27e+13  -1.0 3.57e+02    -  1.11e-01 9.80e-03w  1
  44  9.6301874e+01 7.42e-02 8.17e+12  -1.0 2.98e+02    -  5.80e-01 6.17e-03h  4
  45  9.9219908e+01 7.37e-02 8.69e+12  -1.0 8.26e+01    -  2.44e-01 6.14e-03h  5
  46  1.0208443e+02 7.33e-02 1.00e+13  -1.0 7.98e+01    -  5.20e-01 5.97e-03h  5
  47  1.0492167e+02 7.29e-02 1.09e+13  -1.0 7.71e+01    -  3.89e-01 5.82e-03h  5
  48  1.0776181e+02 7.24e-02 1.26e+13  -1.0 7.51e+01    -  6.82e-01 5.70e-03h  5
  49  1.1066843e+02 7.20e-02 1.35e+13  -1.0 7.30e+01    -  4.72e-01 5.74e-03h  5
iter    objective    inf_pr   inf_du lg(mu)  ||d||  lg(rg) alpha_du alpha_pr  ls
  50  1.1358349e+02 7.16e-02 1.61e+13  -1.0 7.27e+01    -  1.00e+00 5.67e-03h  5
  51  1.1643363e+02 7.12e-02 1.73e+13  -1.0 7.31e+01    -  7.63e-01 5.48e-03h  5
  52  1.1919329e+02 7.09e-02 1.95e+13  -1.0 7.31e+01    -  1.00e+00 5.21e-03h  5
  53  1.2186087e+02 7.05e-02 2.14e+13  -1.0 7.27e+01    -  1.00e+00 4.95e-03h  5
  54  1.6822285e+02 6.51e-02 2.19e+13  -1.0 7.29e+01    -  1.00e+00 7.61e-02w  1
  55  1.9486536e+02 6.40e-02 4.21e+13  -1.0 4.37e+02    -  7.95e-02 1.78e-02w  1
  56  2.0148879e+02 6.36e-02 1.32e+14  -1.0 5.24e+02    -  3.18e-02 5.99e-03w  1
  57  1.2448056e+02 7.02e-02 2.36e+13  -1.0 7.62e-02  12.0 1.00e+00 4.75e-03h  4
  58  1.2705344e+02 6.99e-02 2.59e+13  -1.0 7.39e+01    -  1.00e+00 4.57e-03h  5
  59  1.2958059e+02 6.95e-02 2.86e+13  -1.0 7.48e+01    -  1.00e+00 4.39e-03h  5
iter    objective    inf_pr   inf_du lg(mu)  ||d||  lg(rg) alpha_du alpha_pr  ls
  60  1.3206342e+02 6.93e-02 3.03e+13  -1.0 7.57e+01    -  6.17e-01 4.22e-03h  5
  61  1.3697699e+02 6.87e-02 3.45e+13  -1.0 7.65e+01    -  1.00e+00 8.10e-03h  4
  62  1.4171760e+02 6.82e-02 3.64e+13  -1.0 7.82e+01    -  2.73e-01 7.48e-03h  4
  63  1.4629427e+02 6.77e-02 5.19e+13  -1.0 8.01e+01    -  1.00e+00 6.89e-03h  4
  64  1.5070733e+02 6.73e-02 5.30e+13  -1.0 8.37e+01    -  1.16e-01 6.34e-03h  4
  65  1.5495268e+02 6.69e-02 7.54e+13  -1.0 9.34e+01    -  8.59e-01 5.83e-03h  4
  66  1.5902989e+02 6.65e-02 7.72e+13  -1.0 1.05e+02    -  1.01e-01 5.34e-03h  4
  67  1.9237729e+02 6.39e-02 1.12e+14  -1.0 1.17e+02    -  8.89e-01 3.94e-02w  1
  68  2.0167655e+02 6.37e-02 2.07e+14  -1.0 1.10e+03    -  3.07e-02 4.06e-03w  1
  69  2.0347801e+02 6.35e-02 2.28e+14  -1.0 3.19e+02    -  1.51e-02 2.65e-03w  1
iter    objective    inf_pr   inf_du lg(mu)  ||d||  lg(rg) alpha_du alpha_pr  ls
  70  1.6292057e+02 6.62e-02 1.16e+14  -1.0 1.85e-01  11.5 8.89e-01 4.92e-03h  3
  71  1.6662596e+02 6.59e-02 1.20e+14  -1.0 1.29e+02    -  1.27e-01 4.46e-03h  4
  72  1.7013118e+02 6.56e-02 1.55e+14  -1.0 1.42e+02    -  5.04e-01 4.05e-03h  4
  73  1.7337789e+02 6.54e-02 1.67e+14  -1.0 1.57e+02    -  1.52e-01 3.62e-03h  4
  74  1.7633464e+02 6.52e-02 1.87e+14  -1.0 1.73e+02    -  4.86e-01 3.19e-03h  4
  75  1.7902090e+02 6.50e-02 1.87e+14  -1.0 1.87e+02    -  1.72e-01 2.83e-03h  4
  76  1.8396017e+02 6.47e-02 1.93e+14  -1.0 1.99e+02    -  5.58e-01 5.06e-03h  3
  77  1.8806566e+02 6.44e-02 2.27e+14  -1.0 2.26e+02    -  1.87e-01 4.03e-03h  3
  78  1.9150701e+02 6.42e-02 2.29e+14  -1.0 2.46e+02    -  7.67e-01 3.29e-03h  3
  79  1.9693376e+02 6.39e-02 2.29e+14  -1.0 2.61e+02    -  2.36e-01 5.10e-03h  2
iter    objective    inf_pr   inf_du lg(mu)  ||d||  lg(rg) alpha_du alpha_pr  ls
  80  2.0314179e+02 6.35e-02 2.31e+14  -1.0 3.31e+02    -  9.87e-02 5.86e-03h  1
  81  2.0384971e+02 6.33e-02 2.30e+14  -1.0 3.20e+02    -  2.84e-03 2.84e-03s 14
  82  2.0427317e+02 6.32e-02 2.29e+14  -1.0 4.06e+02    -  1.97e-03 1.97e-03s 14
  83  2.0434875e+02 1.20e+00 2.29e+12  -1.0 1.88e-01  11.9 9.90e-01 9.90e-01s 14
  84  2.0438507e+02 1.60e+00 1.33e+11  -1.0 5.61e-02  12.4 9.90e-01 9.90e-01s 14
  85r 2.0438507e+02 1.60e+00 1.00e+03   0.9 0.00e+00  11.9 0.00e+00 0.00e+00R  1
  86r 2.1053254e+02 7.89e-01 1.13e+03   0.9 1.89e+03    -  3.22e-02 3.20e-03f  1
  87r 2.1907275e+02 1.43e-01 1.12e+03   0.9 6.21e+01    -  5.16e-02 2.72e-02f  1
  88r 2.1477667e+02 7.04e-02 1.02e+03   0.9 3.06e+01    -  1.08e-01 5.04e-02f  1
  89r 2.0917125e+02 5.45e-02 7.13e+02   0.9 1.68e+01    -  5.45e-01 1.51e-01f  1
iter    objective    inf_pr   inf_du lg(mu)  ||d||  lg(rg) alpha_du alpha_pr  ls
  90r 2.0598062e+02 2.57e-02 2.32e+02   0.9 1.42e+00    -  9.50e-01 6.03e-01f  1
  91r 2.0365163e+02 1.28e-02 4.17e+01   0.2 1.14e+00    -  8.27e-01 7.54e-01f  1
  92r 2.0061584e+02 6.47e-03 4.41e+01  -0.5 6.99e-01    -  7.37e-01 8.56e-01f  1
  93  2.0173926e+02 6.34e-03 6.24e+00  -1.0 3.04e+01    -  5.13e-02 1.95e-02h  1
  94  2.0175487e+02 6.34e-03 1.59e+02  -1.0 5.57e+01    -  5.24e-03 2.31e-04h  1
  95  2.0347425e+02 6.27e-03 1.57e+03  -1.0 6.46e+01    -  2.82e-02 1.15e-02h  1
  96  2.0325681e+02 6.25e-03 1.59e+03  -1.0 2.19e+02    -  2.61e-03 2.34e-03h  1
  97  2.0324412e+02 6.25e-03 5.85e+03  -1.0 2.06e+02    -  1.72e-02 3.71e-04h  1
  98  2.0339247e+02 6.21e-03 5.99e+03  -1.0 2.31e+02    -  6.10e-03 5.76e-03h  1
  99  2.0346704e+02 6.21e-03 8.09e+03  -1.0 2.77e+02    -  2.01e-03 3.82e-04h  1
iter    objective    inf_pr   inf_du lg(mu)  ||d||  lg(rg) alpha_du alpha_pr  ls
 100  2.0375178e+02 6.20e-03 8.43e+03  -1.0 5.45e+02    -  1.57e-03 1.35e-03h  1
 101  2.0378418e+02 6.20e-03 9.23e+04  -1.0 4.75e+02    -  3.53e-02 9.95e-05h  1
 102  2.0390645e+02 6.20e-03 9.61e+04  -1.0 1.67e+03    -  8.11e-04 4.42e-04h  1
 103  2.0395872e+02 6.20e-03 8.50e+05  -1.0 3.53e+02    -  4.98e-02 1.10e-04h  1
 104  2.0494190e+02 6.19e-03 7.36e+06  -1.0 3.53e+02    -  5.31e-02 1.88e-03h  1
 105  2.0500878e+02 6.19e-03 2.64e+08  -1.0 1.37e+02    -  8.98e-02 1.59e-04h  1
 106  2.0575767e+02 6.17e-03 3.59e+09  -1.0 9.44e+01    -  3.57e-02 2.37e-03h  1
 107  2.0580745e+02 6.17e-03 1.61e+11  -1.0 1.95e+02    -  1.33e-02 3.13e-04h  1
 108r 2.0580745e+02 6.17e-03 1.00e+03  -1.0 0.00e+00    -  0.00e+00 2.57e-07R  5
 109r 2.0579786e+02 6.50e-03 9.75e+02  -1.0 2.85e+00    -  3.71e-01 2.42e-02f  1
iter    objective    inf_pr   inf_du lg(mu)  ||d||  lg(rg) alpha_du alpha_pr  ls
 110r 2.0582080e+02 1.80e-02 6.91e+02  -1.0 3.66e+00    -  8.66e-01 2.88e-01f  1
 111r 2.0619030e+02 2.37e-02 1.84e+02  -1.0 2.49e+00    -  9.51e-01 7.34e-01f  1
 112r 2.0318638e+02 2.06e-02 2.65e+01  -1.0 2.11e+00    -  5.31e-01 1.00e+00f  1
 113r 2.0023150e+02 4.01e-02 3.57e+01  -1.0 3.99e+00    -  7.41e-01 1.00e+00f  1
 114r 1.9837231e+02 3.21e-02 2.64e+01  -1.0 1.11e+01    -  2.56e-01 2.48e-01f  1
 115r 1.8529054e+02 2.10e-02 5.05e+01  -1.0 3.89e+01    -  9.10e-02 3.08e-01f  1
 116r 1.8087192e+02 3.18e-02 3.28e+01  -1.0 1.34e+01    -  4.86e-01 3.68e-01f  1
 117r 1.7391286e+02 2.53e-02 2.02e+01  -1.0 2.18e+01    -  4.63e-01 5.80e-01f  1
 118r 1.6449201e+02 2.16e-02 6.60e-01  -1.0 5.53e+00    -  1.00e+00 1.00e+00f  1
 119r 1.7493879e+02 3.64e-02 4.22e+00  -2.5 5.13e+00    -  4.71e-01 5.96e-01f  1
iter    objective    inf_pr   inf_du lg(mu)  ||d||  lg(rg) alpha_du alpha_pr  ls
 120r 1.7881238e+02 6.79e-02 4.77e+00  -2.5 1.46e+00  -2.0 8.86e-01 7.69e-01f  1
 121r 1.8252381e+02 8.35e-02 2.20e+00  -2.5 2.66e+00  -2.5 1.00e+00 7.94e-01f  1
 122r 1.8362990e+02 8.32e-02 4.17e+00  -2.5 8.67e-01  -2.1 1.00e+00 6.73e-01f  1
 123r 1.8383118e+02 7.90e-02 8.35e-03  -2.5 3.52e-01  -1.6 1.00e+00 1.00e+00f  1
 124r 1.8494023e+02 9.59e-02 9.71e+00  -3.8 3.75e+00  -2.1 9.58e-02 5.30e-01f  1
 125r 1.8526152e+02 9.58e-02 5.49e+00  -3.8 1.90e+02    -  2.68e-02 2.85e-03f  1
 126r 1.9018065e+02 9.41e-02 2.83e+01  -3.8 7.43e+02    -  3.89e-02 8.78e-03f  1
 127r 1.9363008e+02 9.18e-02 1.83e+01  -3.8 5.64e+01    -  2.98e-01 7.10e-02f  1
 128r 1.9408120e+02 9.16e-02 7.42e+01  -3.8 1.84e+00    -  1.00e+00 2.00e-01h  1
 129r 1.9482855e+02 9.13e-02 8.76e+00  -3.8 8.30e-01    -  1.00e+00 8.83e-01f  1
iter    objective    inf_pr   inf_du lg(mu)  ||d||  lg(rg) alpha_du alpha_pr  ls
 130r 1.9485149e+02 9.13e-02 3.52e-04  -3.8 3.28e-01    -  1.00e+00 1.00e+00h  1
 131r 1.9491342e+02 9.13e-02 6.13e-03  -5.7 3.28e-01    -  9.66e-01 9.98e-01f  1
 132r 1.9492120e+02 9.13e-02 1.04e-05  -5.7 1.15e-02    -  1.00e+00 1.00e+00f  1
 133r 1.9491809e+02 9.13e-02 6.14e-04  -7.0 1.30e-01    -  8.74e-01 1.00e+00f  1

Number of Iterations....: 133

                                   (scaled)                 (unscaled)
Objective...............:   1.9491405224373173e+02    1.9491405224373173e+02
Dual infeasibility......:   9.9999849289655263e+00    9.9999849289655263e+00
Constraint violation....:   9.1339744365410480e-02    9.1339744365410480e-02
Variable bound violation:   0.0000000000000000e+00    0.0000000000000000e+00
Complementarity.........:   2.0841177078735195e-07    2.0841177078735195e-07
Overall NLP error.......:   9.9999849289655263e+00    9.9999849289655263e+00


Number of objective function evaluations             = 493
Number of objective gradient evaluations             = 104
Number of equality constraint evaluations            = 493
Number of inequality constraint evaluations          = 493
Number of equality constraint Jacobian evaluations   = 137
Number of inequality constraint Jacobian evaluations = 137
Number of Lagrangian Hessian evaluations             = 134
Total seconds in IPOPT                               = 0.432

EXIT: Converged to a point of local infeasibility. Problem may be infeasible.
[CoarsePrePlanner] FAILED: RuntimeError: Error in Opti::solve [OptiNode] at .../casadi/core/optistack.cpp:217: — step will be skipped
[COOP-ARMS COOP] MJCF md5 post: 8ab0edb58ca2f05fcd3c9b24dd6b41a8
[loose realverbose] downstream crash after solve (expected): AttributeError: 'NoneType' object has no attribute 'tolist'
