[COOP-ARMS COOP] MJCF md5 pre:  8ab0edb58ca2f05fcd3c9b24dd6b41a8
  [ablation] envelope-constraint=storage-off: tau_w_max=5, enforce_hw=False, h_max_tight=1e+06, hw_max=5 (aocs_tau_w_max=5 + MJCF ±5 KEPT).
[SimulationLoop] Initialized:
  Robot mass:     71.1 kg
  RWA model:      YES (3 wheels)
  AOCS estimator: L_dot (legacy)
  GMO dock:       NO (legacy kinematic)
  NMPC:           10 Hz, N=8
  QP:             100 Hz, 10 per NMPC
  Gait:           1 step(s), T_step from pre-planner (margin=5.0s)
  Constraints:    L_max=10.0 Nms, tau_w=5.0 Nm, tau_joint=20.0 Nm
  hw bounds:      [-5.0, 5.0] Nms
  Dock threshold: 5.0 mm
  Settling:       stage1=0, stage2=1 (0.01s sim, exit=target_met)
                  T: 0.000e+00 -> 0.000e+00 J  (target T_settle=2.554e-08)
                  lambda_min(H)=5.1084e-02 kg·m²
                  initial |v_com|=0.0000 mm/s, |L_com|=0.0000 mNms

======================================================================
  Cooperative-arms 5-step (cooperative=True, alpha_torso_lin=500.0)
  Output: /home/user/CrawlBot_control/results/_task2_diag
======================================================================

[Step 0] swing=b, stance=(2a,2b), target=3b
  DS: t=0.00s (energy-based exit)

qpOASES -- An Implementation of the Online Active Set Strategy.
Copyright (C) 2007-2015 by Hans Joachim Ferreau, Andreas Potschka,
Christian Kirches et al. All rights reserved.

qpOASES is distributed under the terms of the 
GNU Lesser General Public License 2.1 in the hope that it will be 
useful, but WITHOUT ANY WARRANTY; without even the implied warranty 
of MERCHANTABILITY or FITNESS FOR A PARTICULAR PURPOSE. 
See the GNU Lesser General Public License for more details.


qpOASES -- An Implementation of the Online Active Set Strategy.
Copyright (C) 2007-2015 by Hans Joachim Ferreau, Andreas Potschka,
Christian Kirches et al. All rights reserved.

qpOASES is distributed under the terms of the 
GNU Lesser General Public License 2.1 in the hope that it will be 
useful, but WITHOUT ANY WARRANTY; without even the implied warranty 
of MERCHANTABILITY or FITNESS FOR A PARTICULAR PURPOSE. 
See the GNU Lesser General Public License for more details.


qpOASES -- An Implementation of the Online Active Set Strategy.
Copyright (C) 2007-2015 by Hans Joachim Ferreau, Andreas Potschka,
Christian Kirches et al. All rights reserved.

qpOASES is distributed under the terms of the 
GNU Lesser General Public License 2.1 in the hope that it will be 
useful, but WITHOUT ANY WARRANTY; without even the implied warranty 
of MERCHANTABILITY or FITNESS FOR A PARTICULAR PURPOSE. 
See the GNU Lesser General Public License for more details.


qpOASES -- An Implementation of the Online Active Set Strategy.
Copyright (C) 2007-2015 by Hans Joachim Ferreau, Andreas Potschka,
Christian Kirches et al. All rights reserved.

qpOASES is distributed under the terms of the 
GNU Lesser General Public License 2.1 in the hope that it will be 
useful, but WITHOUT ANY WARRANTY; without even the implied warranty 
of MERCHANTABILITY or FITNESS FOR A PARTICULAR PURPOSE. 
See the GNU Lesser General Public License for more details.


qpOASES -- An Implementation of the Online Active Set Strategy.
Copyright (C) 2007-2015 by Hans Joachim Ferreau, Andreas Potschka,
Christian Kirches et al. All rights reserved.

qpOASES is distributed under the terms of the 
GNU Lesser General Public License 2.1 in the hope that it will be 
useful, but WITHOUT ANY WARRANTY; without even the implied warranty 
of MERCHANTABILITY or FITNESS FOR A PARTICULAR PURPOSE. 
See the GNU Lesser General Public License for more details.


qpOASES -- An Implementation of the Online Active Set Strategy.
Copyright (C) 2007-2015 by Hans Joachim Ferreau, Andreas Potschka,
Christian Kirches et al. All rights reserved.

qpOASES is distributed under the terms of the 
GNU Lesser General Public License 2.1 in the hope that it will be 
useful, but WITHOUT ANY WARRANTY; without even the implied warranty 
of MERCHANTABILITY or FITNESS FOR A PARTICULAR PURPOSE. 
See the GNU Lesser General Public License for more details.


qpOASES -- An Implementation of the Online Active Set Strategy.
Copyright (C) 2007-2015 by Hans Joachim Ferreau, Andreas Potschka,
Christian Kirches et al. All rights reserved.

qpOASES is distributed under the terms of the 
GNU Lesser General Public License 2.1 in the hope that it will be 
useful, but WITHOUT ANY WARRANTY; without even the implied warranty 
of MERCHANTABILITY or FITNESS FOR A PARTICULAR PURPOSE. 
See the GNU Lesser General Public License for more details.


qpOASES -- An Implementation of the Online Active Set Strategy.
Copyright (C) 2007-2015 by Hans Joachim Ferreau, Andreas Potschka,
Christian Kirches et al. All rights reserved.

qpOASES is distributed under the terms of the 
GNU Lesser General Public License 2.1 in the hope that it will be 
useful, but WITHOUT ANY WARRANTY; without even the implied warranty 
of MERCHANTABILITY or FITNESS FOR A PARTICULAR PURPOSE. 
See the GNU Lesser General Public License for more details.


qpOASES -- An Implementation of the Online Active Set Strategy.
Copyright (C) 2007-2015 by Hans Joachim Ferreau, Andreas Potschka,
Christian Kirches et al. All rights reserved.

qpOASES is distributed under the terms of the 
GNU Lesser General Public License 2.1 in the hope that it will be 
useful, but WITHOUT ANY WARRANTY; without even the implied warranty 
of MERCHANTABILITY or FITNESS FOR A PARTICULAR PURPOSE. 
See the GNU Lesser General Public License for more details.


qpOASES -- An Implementation of the Online Active Set Strategy.
Copyright (C) 2007-2015 by Hans Joachim Ferreau, Andreas Potschka,
Christian Kirches et al. All rights reserved.

qpOASES is distributed under the terms of the 
GNU Lesser General Public License 2.1 in the hope that it will be 
useful, but WITHOUT ANY WARRANTY; without even the implied warranty 
of MERCHANTABILITY or FITNESS FOR A PARTICULAR PURPOSE. 
See the GNU Lesser General Public License for more details.

  DS settle: 0.00 → +0.110s (11 steps, exit=target_met, T: 0.00e+00 → 1.60e-19 J)
  [IK] mode=fixed_rotation  ||log(R_start^T R_goal)|| = 0.00 deg  |Δp_torso| = 125.5 mm  w_a*w_b(fixed) = 2.42e-02  threshold = 1.00e-04

==============================================================================
TASK 2 — storage-off pre-planner FIRST solve (as run by the sim):
  success=False  status='RuntimeError: Error in Opti::solve [OptiNode] at .../casadi/core/optistack.cpp:217:'
  cost=122.61333323055645  iter_count=0  h_max(in)=1e+06
  last-iterate trajectory magnitudes:
    |h_w|inf per-knot max = 7.7393e-01 Nms  (box was ±1e+06)
    |r_com|max=6.830e-01  |v_com|max=8.900e-02  |L_com|max=1.705e+00
    h_w inf-norm per knot: [0.0, 0.19, 0.371, 0.535, 0.676, 0.703, 0.723, 0.774, 0.744, 0.66, 0.548, 0.489, 0.453, 0.408, 0.356, 0.297]

------------------------------------------------------------------------------
Re-solve with ipopt print_level=5, max_iter=1000 (verbose EXIT status):
This is Ipopt version 3.14.11, running with linear solver MUMPS 5.4.1.

Number of nonzeros in equality constraint Jacobian...:      732
Number of nonzeros in inequality constraint Jacobian.:      561
Number of nonzeros in Lagrangian Hessian.............:      462

Total number of variables............................:      234
                     variables with only lower bounds:        0
                variables with lower and upper bounds:        0
                     variables with only upper bounds:        0
Total number of equality constraints.................:      147
Total number of inequality constraints...............:      189
        inequality constraints with only lower bounds:        0
   inequality constraints with lower and upper bounds:      189
        inequality constraints with only upper bounds:        0

iter    objective    inf_pr   inf_du lg(mu)  ||d||  lg(rg) alpha_du alpha_pr  ls
   0  0.0000000e+00 3.76e-01 0.00e+00  -1.0 0.00e+00    -  0.00e+00 0.00e+00   0
   1  2.8353500e-01 3.72e-01 4.83e-01  -1.0 1.60e+02    -  1.13e-02 9.27e-03h  1
   2  2.9029615e-01 3.72e-01 1.03e+03  -1.0 1.79e+02    -  4.44e-02 1.12e-04h  1
   3  1.5913483e+00 3.69e-01 3.56e+03  -1.0 3.21e+02    -  2.79e-02 9.19e-03h  1
   4  1.6676526e+00 3.69e-01 1.19e+04  -1.0 3.24e+02    -  4.57e-02 3.49e-04h  1
   5  2.3745794e+01 3.55e-01 1.32e+04  -1.0 3.00e+02    -  4.28e-02 3.60e-02h  1
   6  3.6436873e+01 3.52e-01 3.37e+04  -1.0 4.14e+02    -  2.67e-02 9.83e-03H  1
   7  3.8800178e+01 3.52e-01 8.83e+04  -1.0 1.27e+03    -  9.53e-03 1.09e-03h  3
   8  4.0358243e+01 3.51e-01 2.77e+05  -1.0 1.99e+03    -  1.37e-02 5.22e-04h  4
   9  4.1959641e+01 3.51e-01 6.39e+05  -1.0 2.64e+03    -  1.09e-02 3.99e-04h  5
iter    objective    inf_pr   inf_du lg(mu)  ||d||  lg(rg) alpha_du alpha_pr  ls
  10  4.3963514e+01 3.51e-01 1.40e+06  -1.0 2.80e+03    -  1.05e-02 4.14e-04h  5
  11  4.5951703e+01 3.51e-01 2.98e+06  -1.0 3.23e+03    -  9.64e-03 3.57e-04h  5
  12  4.8379964e+01 3.51e-01 6.68e+06  -1.0 2.77e+03    -  1.02e-02 3.91e-04h  5
  13  5.1252686e+01 3.51e-01 1.50e+07  -1.0 2.90e+03    -  9.63e-03 4.11e-04h  5
  14  5.4262837e+01 3.51e-01 3.38e+07  -1.0 3.25e+03    -  9.08e-03 3.86e-04h  5
  15  5.7400247e+01 3.50e-01 8.66e+07  -1.0 3.20e+03    -  1.06e-02 3.69e-04h  5
  16  6.0655776e+01 3.50e-01 2.91e+08  -1.0 3.12e+03    -  1.49e-02 3.55e-04h  5
  17  1.4131852e+02 3.48e-01 1.27e+09  -1.0 3.05e+03    -  2.53e-02 5.44e-03w  1
  18  1.4490852e+02 3.48e-01 1.73e+10  -1.0 2.80e+03    -  5.51e-03 2.18e-04w  1
  19  1.4784402e+02 3.48e-01 3.96e+11  -1.0 3.05e+03    -  6.10e-03 1.89e-04w  1
iter    objective    inf_pr   inf_du lg(mu)  ||d||  lg(rg) alpha_du alpha_pr  ls
  20  6.3992181e+01 3.50e-01 1.53e+09  -1.0 3.16e+03    -  2.53e-02 3.40e-04h  4
  21  6.7368347e+01 3.50e-01 8.10e+09  -1.0 3.00e+03    -  2.43e-02 3.24e-04h  5
  22  7.0746922e+01 3.50e-01 5.53e+10  -1.0 2.97e+03    -  3.10e-02 3.08e-04h  5
  23  7.4104882e+01 3.50e-01 3.09e+11  -1.0 2.94e+03    -  2.31e-02 2.91e-04h  5
  24  8.0885763e+01 3.50e-01 3.43e+12  -1.0 2.92e+03    -  4.76e-02 5.51e-04h  4
  25  8.7325268e+01 3.50e-01 1.99e+13  -1.0 2.90e+03    -  2.03e-02 4.86e-04h  4
  26  9.3541541e+01 3.49e-01 3.19e+13  -1.0 5.97e+03    -  5.92e-03 4.29e-04h  3
  27  9.9784552e+01 3.49e-01 9.68e+13  -1.0 4.58e+03    -  2.15e-02 4.07e-04h  3
  28  1.0552886e+02 3.49e-01 1.85e+14  -1.0 3.45e+03    -  2.07e-02 3.82e-04h  3
  29  1.1114123e+02 3.49e-01 5.98e+14  -1.0 2.55e+03    -  6.87e-02 3.68e-04h  3
iter    objective    inf_pr   inf_du lg(mu)  ||d||  lg(rg) alpha_du alpha_pr  ls
  30  1.3318507e+02 3.49e-01 1.19e+15  -1.0 2.66e+03    -  7.14e-02 1.33e-03w  1
  31  1.4520284e+02 3.48e-01 1.36e+15  -1.0 1.02e+04    -  2.83e-03 5.26e-04w  1
  32  1.4884289e+02 3.48e-01 2.33e+15  -1.0 1.06e+04    -  1.34e-03 1.85e-04w  1
  33  1.1637603e+02 3.49e-01 1.20e+15  -1.0 1.79e-01  12.0 7.14e-02 3.33e-04h  2
  34  1.2134042e+02 3.49e-01 1.45e+15  -1.0 2.76e+03    -  2.10e-02 2.99e-04h  3
  35  1.2595708e+02 3.49e-01 1.65e+15  -1.0 2.91e+03    -  1.16e-02 2.64e-04h  3
  36  1.3443366e+02 3.48e-01 1.88e+15  -1.0 3.92e+03    -  8.55e-03 4.56e-04h  2
  37  1.4044258e+02 3.48e-01 2.08e+15  -1.0 6.54e+03    -  2.85e-03 2.98e-04h  2
  38  1.4437692e+02 3.48e-01 2.78e+15  -1.0 7.72e+03    -  3.13e-03 1.86e-04h  2
  39  1.4903266e+02 3.48e-01 2.78e+15  -1.0 7.13e+03    -  2.39e-04 2.39e-04s 10
iter    objective    inf_pr   inf_du lg(mu)  ||d||  lg(rg) alpha_du alpha_pr  ls
  40  1.4924555e+02 6.89e-01 2.87e+13  -1.0 4.18e-01  11.5 9.90e-01 9.90e-01s 10
  41r 1.4924555e+02 6.89e-01 1.00e+03   1.0 0.00e+00    -  0.00e+00 0.00e+00R  1
  42r 1.5146908e+02 5.72e-01 1.01e+03   1.0 3.21e+03    -  3.93e-03 2.30e-03f  1
  43r 1.5304338e+02 4.82e-01 1.08e+03   1.0 6.34e+02    -  2.05e-02 3.49e-03f  1
  44r 1.5599844e+02 3.60e-01 1.05e+03   1.0 1.46e+02    -  4.35e-02 1.90e-02f  1
  45r 1.5495871e+02 2.20e-01 1.01e+03   1.0 2.35e+02    -  6.64e-02 3.38e-02f  1
  46r 1.5302682e+02 1.72e-01 8.65e+02   1.0 1.45e+02    -  3.41e-01 7.51e-02f  1
  47r 1.5016151e+02 8.59e-02 4.46e+02   1.0 4.67e+00    -  9.39e-01 3.30e-01f  1
  48r 1.4822278e+02 2.52e-02 1.60e+02   0.3 1.54e+00    -  5.28e-01 7.38e-01f  1
  49r 1.4713252e+02 1.82e-02 1.17e+02   0.3 1.37e+00    -  6.21e-01 7.25e-01f  1
iter    objective    inf_pr   inf_du lg(mu)  ||d||  lg(rg) alpha_du alpha_pr  ls
  50  1.4738711e+02 1.82e-02 8.90e+00  -1.0 4.78e+02    -  6.25e-03 6.84e-04h  1
  51  1.4725168e+02 1.82e-02 7.63e+00  -1.0 7.82e+02    -  2.14e-04 1.16e-03h  1
  52  1.4701072e+02 1.81e-02 1.05e+01  -1.0 9.00e+02    -  1.32e-03 2.43e-03h  1
  53  1.4700774e+02 1.81e-02 2.34e+02  -1.0 7.47e+02    -  1.51e-03 2.35e-05h  1
  54  1.4710828e+02 1.81e-02 6.86e+03  -1.0 1.57e+03    -  2.09e-03 8.44e-05h  1
  55  1.4786191e+02 1.81e-02 4.62e+03  -1.0 2.48e+03    -  5.62e-04 1.02e-03h  1
  56  1.4706068e+02 1.81e-02 3.15e+03  -1.0 3.49e+03    -  1.83e-04 5.69e-04f  1
  57r 1.4706068e+02 1.81e-02 1.00e+03  -1.0 0.00e+00    -  0.00e+00 4.91e-07R  5
  58r 1.4705925e+02 1.79e-02 9.96e+02  -1.0 2.44e+01    -  1.07e-01 3.41e-03f  1
  59r 1.4705925e+02 1.79e-02 9.94e+02  -1.0 0.00e+00    -  0.00e+00 4.27e-07R  2
iter    objective    inf_pr   inf_du lg(mu)  ||d||  lg(rg) alpha_du alpha_pr  ls
  60r 1.4705831e+02 1.65e-02 9.84e+02  -1.0 1.64e+01    -  2.57e-03 1.35e-02f  1
  61r 1.4642156e+02 1.67e-02 9.63e+02  -1.0 2.54e+00    -  4.35e-01 2.04e-02f  1
  62r 1.4515792e+02 2.01e-02 5.76e+02  -1.0 1.80e+00    -  6.86e-01 4.01e-01f  1
  63r 1.3558743e+02 2.32e-02 2.31e+02  -1.0 8.11e+00    -  3.72e-01 6.37e-01f  1
  64r 1.2281105e+02 1.85e-02 1.06e+02  -1.0 2.91e+00    -  6.48e-01 1.00e+00f  1
  65r 1.0061467e+02 1.40e-02 3.19e+01  -1.0 4.41e+00    -  6.46e-01 1.00e+00f  1
  66r 7.4022596e+01 1.44e-02 1.19e+00  -1.0 1.09e+01    -  9.90e-01 1.00e+00f  1
  67r 6.5320563e+01 1.35e-02 2.70e-01  -1.0 3.54e+00    -  9.91e-01 1.00e+00h  1
  68r 8.2840084e+01 1.64e-02 7.20e-01  -1.7 3.25e+00    -  9.79e-01 1.00e+00f  1
  69r 7.9398366e+01 2.07e-02 6.83e+00  -2.5 3.46e+01    -  1.07e-01 6.96e-02f  1
iter    objective    inf_pr   inf_du lg(mu)  ||d||  lg(rg) alpha_du alpha_pr  ls
  70r 8.1074458e+01 7.03e-02 1.15e+01  -2.5 1.60e+00  -2.0 8.82e-01 7.64e-01f  1
  71r 8.0717288e+01 8.74e-02 2.81e+01  -2.5 4.99e+00  -2.5 6.66e-01 2.83e-01f  1
  72r 7.9061316e+01 1.06e-01 8.00e+00  -2.5 1.23e+01  -3.0 1.00e+00 4.10e-01f  1
  73r 7.9492770e+01 1.06e-01 7.36e+01  -2.5 8.06e+01    -  3.28e-01 9.46e-02f  1
  74r 8.8537999e+01 1.02e-01 2.08e+02  -2.5 4.58e+01    -  5.31e-01 1.81e-01f  1
  75r 9.5786103e+01 9.90e-02 2.85e+02  -2.5 2.73e+01    -  7.41e-01 2.03e-01f  1
  76r 1.0434755e+02 9.33e-02 1.93e+02  -2.5 1.74e+01    -  1.00e+00 3.92e-01h  1
  77r 1.0968538e+02 9.08e-02 6.46e+01  -2.5 1.06e+01    -  1.00e+00 5.20e-01h  1
  78r 1.1332123e+02 9.46e-02 3.33e+00  -2.5 5.25e+00    -  1.00e+00 9.07e-01h  1
  79r 1.1232559e+02 9.50e-02 4.02e-03  -2.5 1.95e+00    -  1.00e+00 1.00e+00f  1
iter    objective    inf_pr   inf_du lg(mu)  ||d||  lg(rg) alpha_du alpha_pr  ls
  80r 1.1571361e+02 1.02e-01 3.52e+00  -5.7 1.40e+00    -  4.01e-01 9.22e-01f  1
  81r 1.1929641e+02 1.02e-01 5.38e+01  -5.7 1.89e+02    -  1.35e-01 2.83e-02f  1
  82r 1.2044346e+02 1.02e-01 6.18e+01  -5.7 2.83e+01    -  1.45e-01 1.14e-01f  1
  83r 1.2188932e+02 1.02e-01 7.60e+01  -5.7 2.30e+01    -  1.66e-01 1.13e-01h  1
  84r 1.2221331e+02 1.02e-01 2.22e+02  -5.7 5.48e-01    -  9.27e-01 3.89e-01h  1
  85r 1.2241160e+02 1.06e-01 7.29e+00  -5.7 6.62e-01    -  9.19e-01 9.63e-01h  1
  86r 1.2253453e+02 1.28e-01 3.99e-05  -5.7 1.91e-01    -  1.00e+00 1.00e+00h  1
  87r 1.2260698e+02 1.50e-01 1.74e-03  -7.0 6.78e-02    -  9.26e-01 1.00e+00h  1

Number of Iterations....: 87

                                   (scaled)                 (unscaled)
Objective...............:   1.2261333323055645e+02    1.2261333323055645e+02
Dual infeasibility......:   9.9999663801445671e+00    9.9999663801445671e+00
Constraint violation....:   1.5383183985973703e-01    1.5383183985973703e-01
Variable bound violation:   0.0000000000000000e+00    0.0000000000000000e+00
Complementarity.........:   1.1315920836373708e-07    1.1315920836373708e-07
Overall NLP error.......:   9.9999663801445671e+00    9.9999663801445671e+00


Number of objective function evaluations             = 208
Number of objective gradient evaluations             = 54
Number of equality constraint evaluations            = 208
Number of inequality constraint evaluations          = 208
Number of equality constraint Jacobian evaluations   = 92
Number of inequality constraint Jacobian evaluations = 92
Number of Lagrangian Hessian evaluations             = 88
Total seconds in IPOPT                               = 0.235

EXIT: Converged to a point of local infeasibility. Problem may be infeasible.
------------------------------------------------------------------------------
  RE-SOLVE: success=False  status='RuntimeError: Error in Opti::solve [OptiNode] at .../casadi/core/optistack.cpp:217:'  cost=122.61333323055645  iter=0
  RE-SOLVE last-iterate |h_w|inf max = 7.7393e-01  |L_com|max=1.705e+00
==============================================================================
[COOP-ARMS COOP] MJCF md5 post: 8ab0edb58ca2f05fcd3c9b24dd6b41a8
