### CC BRIEF #1 (METHOD) — head-to-head evidence (cf_* runs, --qp-envelope-exact)

## chatter metrics (audit_chatter.py): arm-a settles s2,s4 = the chatterers

==============================================================================
RUN: base  (results/cf_e0)
==============================================================================
  seg(step/arm)    nticks  flipfrac   at±5 exact‖·‖med proxy‖·‖med orbital med  ‖Σf‖med  Δτ_w med wrenchΔ med  vtxdist
  step0/init (n= 10)      10     0.889   0.00       0.000       0.000       0.000    0.000     0.000       0.000    0.000
  step1/b3  (n=101)     101     0.030   0.10       1.151       0.250       0.768    1.332     0.059       0.063    0.050
  step2/a3  (n= 50)      50     0.939   0.86       7.274       1.319       5.989    6.904    14.569      13.782   11.571
  step3/b4  (n= 99)      99     0.031   0.10       1.516       0.216       1.220    1.241     0.060       0.046    0.063
  step4/a4  (n= 50)      50     0.980   0.96       7.112       1.286       5.966    6.882    14.151      13.041   11.702

==============================================================================
RUN: tik3  (results/cf_tik3)
==============================================================================
  seg(step/arm)    nticks  flipfrac   at±5 exact‖·‖med proxy‖·‖med orbital med  ‖Σf‖med  Δτ_w med wrenchΔ med  vtxdist
  step0/init (n= 10)      10     0.222   0.00       0.000       0.000       0.000    0.000     0.000       0.000    0.000
  step1/b3  (n=171)     171     0.018   0.05       0.093       0.028       0.070    0.123     0.006       0.007    0.035
  step2/a3  (n= 50)      50     0.041   0.00       0.710       0.194       0.741    0.933     0.027       0.036    0.073
  step3/b4  (n=205)     205     0.020   0.05       0.071       0.006       0.070    0.066     0.005       0.003    0.023
  step4/a4  (n=204)     204     0.030   0.02       0.091       0.022       0.073    0.093     0.004       0.003    0.022

==============================================================================
RUN: sf001  (results/cf_sf001)
==============================================================================
  seg(step/arm)    nticks  flipfrac   at±5 exact‖·‖med proxy‖·‖med orbital med  ‖Σf‖med  Δτ_w med wrenchΔ med  vtxdist
  step0/init (n= 10)      10     0.889   0.00       0.000       0.000       0.000    0.000     0.000       0.000    0.000
  step1/b3  (n=101)     101     0.030   0.10       1.146       0.249       0.765    1.326     0.059       0.063    0.051
  step2/a3  (n= 50)      50     0.939   0.86       7.275       1.319       5.984    6.879    14.569      13.773   11.608
  step3/b4  (n= 99)      99     0.031   0.10       1.510       0.215       1.215    1.244     0.060       0.046    0.063
  step4/a4  (n= 50)      50     0.980   0.96       7.112       1.282       5.965    6.857    14.151      13.007   11.655

==============================================================================
RUN: sf01  (results/cf_sf01)
==============================================================================
  seg(step/arm)    nticks  flipfrac   at±5 exact‖·‖med proxy‖·‖med orbital med  ‖Σf‖med  Δτ_w med wrenchΔ med  vtxdist
  step0/init (n= 10)      10     0.889   0.00       0.000       0.000       0.000    0.000     0.000       0.000    0.000
  step1/b3  (n=102)     102     0.030   0.10       1.076       0.233       0.741    1.246     0.058       0.061    0.054
  step2/a3  (n= 50)      50     0.980   0.86       7.237       1.316       5.970    6.815    14.520      13.702   11.540
  step3/b4  (n= 99)      99     0.031   0.10       1.462       0.210       1.178    1.239     0.057       0.044    0.059
  step4/a4  (n= 50)      50     0.980   0.94       7.113       1.255       5.967    6.653    14.151      12.716   11.226

==============================================================================
RUN: sf1  (results/cf_sf1)
==============================================================================
  seg(step/arm)    nticks  flipfrac   at±5 exact‖·‖med proxy‖·‖med orbital med  ‖Σf‖med  Δτ_w med wrenchΔ med  vtxdist
  step0/init (n= 10)      10     1.000   0.00       0.000       0.000       0.000    0.000     0.000       0.000    0.000
  step1/b3  (n=187)     187     0.022   0.05       0.119       0.023       0.097    0.144     0.009       0.009    0.047
  step2/a3  (n= 50)      50     0.980   0.46       5.798       1.085       4.758    5.265    11.783      10.538    6.968
  step3/b4  (n=180)     180     0.022   0.06       0.205       0.025       0.184    0.164     0.015       0.010    0.028
  step4/a4  (n= 50)      50     0.653   0.30       2.427       0.397       2.291    1.756     1.539       1.105    3.063

==============================================================================
RUN: sf10  (results/cf_sf10)
==============================================================================
  seg(step/arm)    nticks  flipfrac   at±5 exact‖·‖med proxy‖·‖med orbital med  ‖Σf‖med  Δτ_w med wrenchΔ med  vtxdist
  step0/init (n= 10)      10     0.333   0.00       0.000       0.000       0.000    0.000     0.000       0.000    0.000
  step1/b3  (n=327)     327     0.006   0.01       0.008       0.002       0.005    0.010     0.000       0.000    0.007
  step2/a3  (n=575)     575     0.007   0.00       0.019       0.004       0.014    0.016     0.000       0.000    0.002
  step3/b4  (n=412)     412     0.007   0.01       0.019       0.004       0.016    0.017     0.000       0.000    0.007
  step4/a4  (n=495)     495     0.008   0.00       0.023       0.004       0.019    0.016     0.000       0.000    0.002

## settle convergence (n_steps / exit_reason / T_start->T_end)
  cf_e0:
    s1: n= 102 plateau    T 2.39e-03->7.80e-05
    s2: n=  51 plateau    T 3.22e-04->2.15e-03
    s3: n= 100 plateau    T 4.99e-03->6.80e-05
    s4: n=  51 plateau    T 3.74e-04->2.02e-03
  cf_tik3:
    s1: n= 172 target_met T 2.39e-03->2.52e-08
    s2: n=  51 plateau    T 3.26e-04->3.92e-04
    s3: n= 206 target_met T 4.07e-03->2.55e-08
    s4: n= 205 target_met T 3.83e-04->2.47e-08
  cf_sf001:
    s1: n= 102 plateau    T 2.39e-03->7.73e-05
    s2: n=  51 plateau    T 3.22e-04->2.14e-03
    s3: n= 100 plateau    T 4.99e-03->6.76e-05
    s4: n=  51 plateau    T 3.74e-04->2.03e-03
  cf_sf01:
    s1: n= 103 plateau    T 2.39e-03->6.74e-05
    s2: n=  51 plateau    T 3.22e-04->2.14e-03
    s3: n= 100 plateau    T 5.00e-03->6.36e-05
    s4: n=  51 plateau    T 3.74e-04->2.12e-03
  cf_sf1:
    s1: n= 188 plateau    T 2.39e-03->9.13e-07
    s2: n=  51 plateau    T 3.26e-04->1.99e-03
    s3: n= 181 plateau    T 5.01e-03->1.17e-06
    s4: n=  51 plateau    T 3.79e-04->6.09e-04
  cf_sf10:
    s1: n= 328 target_met T 2.39e-03->2.50e-08
    s2: n= 576 target_met T 3.27e-04->2.52e-08
    s3: n= 413 target_met T 3.26e-03->2.53e-08
    s4: n= 496 target_met T 4.34e-04->2.55e-08

## gate (cf_tik3 = recommended fix, ε=3)
  C1 docks mm: [4.94, 4.45, 4.95, 4.65, 4.90] PASS (<5)
  C2 torso-pos peak_SS: 22.84 mm  FAIL (base 28.03)  [pre-existing exact-box SS]
  C3 Hdot_s inf SS: 5.00  hits_bound=False  PASS
  C4 torso-ori peak: 0.52 deg (SS) / 0.26 (DS-hold)  PASS
  C5 hw inf SS: 4.910 Nms  FAIL (>4.5; base 4.949)  [pre-existing exact-box SS]
  C6 default-off (both knobs 0.0) vs clean HEAD, identical cmd: deep max |delta|=0.0 (only *_time_ms differ) PASS
